Archive member included to satisfy reference by file (symbol)

c:/git_proj/nf52840_accelerometer_lis3dh/tools/gnu_tools/7_2017_q4_major/bin/../lib/gcc/arm-none-eabi/7.2.1/../../../../arm-none-eabi/lib/thumb/v7e-m/fpv4-sp/hard\libc_nano.a(lib_a-exit.o)
                              c:/git_proj/nf52840_accelerometer_lis3dh/tools/gnu_tools/7_2017_q4_major/bin/../lib/gcc/arm-none-eabi/7.2.1/../../../../arm-none-eabi/lib/thumb/v7e-m/fpv4-sp/hard/crt0.o (exit)
c:/git_proj/nf52840_accelerometer_lis3dh/tools/gnu_tools/7_2017_q4_major/bin/../lib/gcc/arm-none-eabi/7.2.1/../../../../arm-none-eabi/lib/thumb/v7e-m/fpv4-sp/hard\libc_nano.a(lib_a-impure.o)
                              c:/git_proj/nf52840_accelerometer_lis3dh/tools/gnu_tools/7_2017_q4_major/bin/../lib/gcc/arm-none-eabi/7.2.1/../../../../arm-none-eabi/lib/thumb/v7e-m/fpv4-sp/hard\libc_nano.a(lib_a-exit.o) (_global_impure_ptr)
c:/git_proj/nf52840_accelerometer_lis3dh/tools/gnu_tools/7_2017_q4_major/bin/../lib/gcc/arm-none-eabi/7.2.1/../../../../arm-none-eabi/lib/thumb/v7e-m/fpv4-sp/hard\libc_nano.a(lib_a-init.o)
                              c:/git_proj/nf52840_accelerometer_lis3dh/tools/gnu_tools/7_2017_q4_major/bin/../lib/gcc/arm-none-eabi/7.2.1/../../../../arm-none-eabi/lib/thumb/v7e-m/fpv4-sp/hard/crt0.o (__libc_init_array)
c:/git_proj/nf52840_accelerometer_lis3dh/tools/gnu_tools/7_2017_q4_major/bin/../lib/gcc/arm-none-eabi/7.2.1/../../../../arm-none-eabi/lib/thumb/v7e-m/fpv4-sp/hard\libc_nano.a(lib_a-locale.o)
                              _build/nrf52840_xxaa/nrf_log_str_formatter.c.o (__locale_ctype_ptr)
c:/git_proj/nf52840_accelerometer_lis3dh/tools/gnu_tools/7_2017_q4_major/bin/../lib/gcc/arm-none-eabi/7.2.1/../../../../arm-none-eabi/lib/thumb/v7e-m/fpv4-sp/hard\libc_nano.a(lib_a-mbtowc_r.o)
                              c:/git_proj/nf52840_accelerometer_lis3dh/tools/gnu_tools/7_2017_q4_major/bin/../lib/gcc/arm-none-eabi/7.2.1/../../../../arm-none-eabi/lib/thumb/v7e-m/fpv4-sp/hard\libc_nano.a(lib_a-locale.o) (__ascii_mbtowc)
c:/git_proj/nf52840_accelerometer_lis3dh/tools/gnu_tools/7_2017_q4_major/bin/../lib/gcc/arm-none-eabi/7.2.1/../../../../arm-none-eabi/lib/thumb/v7e-m/fpv4-sp/hard\libc_nano.a(lib_a-memcpy-stub.o)
                              _build/nrf52840_xxaa/nrf_log_frontend.c.o (memcpy)
c:/git_proj/nf52840_accelerometer_lis3dh/tools/gnu_tools/7_2017_q4_major/bin/../lib/gcc/arm-none-eabi/7.2.1/../../../../arm-none-eabi/lib/thumb/v7e-m/fpv4-sp/hard\libc_nano.a(lib_a-memset.o)
                              c:/git_proj/nf52840_accelerometer_lis3dh/tools/gnu_tools/7_2017_q4_major/bin/../lib/gcc/arm-none-eabi/7.2.1/../../../../arm-none-eabi/lib/thumb/v7e-m/fpv4-sp/hard/crt0.o (memset)
c:/git_proj/nf52840_accelerometer_lis3dh/tools/gnu_tools/7_2017_q4_major/bin/../lib/gcc/arm-none-eabi/7.2.1/../../../../arm-none-eabi/lib/thumb/v7e-m/fpv4-sp/hard\libc_nano.a(lib_a-strcmp.o)
                              c:/git_proj/nf52840_accelerometer_lis3dh/tools/gnu_tools/7_2017_q4_major/bin/../lib/gcc/arm-none-eabi/7.2.1/../../../../arm-none-eabi/lib/thumb/v7e-m/fpv4-sp/hard\libc_nano.a(lib_a-locale.o) (strcmp)
c:/git_proj/nf52840_accelerometer_lis3dh/tools/gnu_tools/7_2017_q4_major/bin/../lib/gcc/arm-none-eabi/7.2.1/../../../../arm-none-eabi/lib/thumb/v7e-m/fpv4-sp/hard\libc_nano.a(lib_a-strcpy.o)
                              _build/nrf52840_xxaa/SEGGER_RTT.c.o (strcpy)
c:/git_proj/nf52840_accelerometer_lis3dh/tools/gnu_tools/7_2017_q4_major/bin/../lib/gcc/arm-none-eabi/7.2.1/../../../../arm-none-eabi/lib/thumb/v7e-m/fpv4-sp/hard\libc_nano.a(lib_a-strlen.o)
                              _build/nrf52840_xxaa/nrf_log_frontend.c.o (strlen)
c:/git_proj/nf52840_accelerometer_lis3dh/tools/gnu_tools/7_2017_q4_major/bin/../lib/gcc/arm-none-eabi/7.2.1/../../../../arm-none-eabi/lib/thumb/v7e-m/fpv4-sp/hard\libc_nano.a(lib_a-wctomb_r.o)
                              c:/git_proj/nf52840_accelerometer_lis3dh/tools/gnu_tools/7_2017_q4_major/bin/../lib/gcc/arm-none-eabi/7.2.1/../../../../arm-none-eabi/lib/thumb/v7e-m/fpv4-sp/hard\libc_nano.a(lib_a-locale.o) (__ascii_wctomb)
c:/git_proj/nf52840_accelerometer_lis3dh/tools/gnu_tools/7_2017_q4_major/bin/../lib/gcc/arm-none-eabi/7.2.1/../../../../arm-none-eabi/lib/thumb/v7e-m/fpv4-sp/hard\libc_nano.a(lib_a-ctype_.o)
                              c:/git_proj/nf52840_accelerometer_lis3dh/tools/gnu_tools/7_2017_q4_major/bin/../lib/gcc/arm-none-eabi/7.2.1/../../../../arm-none-eabi/lib/thumb/v7e-m/fpv4-sp/hard\libc_nano.a(lib_a-locale.o) (_ctype_)
c:/git_proj/nf52840_accelerometer_lis3dh/tools/gnu_tools/7_2017_q4_major/bin/../lib/gcc/arm-none-eabi/7.2.1/../../../../arm-none-eabi/lib/thumb/v7e-m/fpv4-sp/hard\libnosys.a(_exit.o)
                              c:/git_proj/nf52840_accelerometer_lis3dh/tools/gnu_tools/7_2017_q4_major/bin/../lib/gcc/arm-none-eabi/7.2.1/../../../../arm-none-eabi/lib/thumb/v7e-m/fpv4-sp/hard\libc_nano.a(lib_a-exit.o) (_exit)
[...]
Memory Configuration

Name             Origin             Length             Attributes
FLASH            0x00000000         0x00100000         xr
RAM              0x20000000         0x00040000         xrw
*default*        0x00000000         0xffffffff

Linker script and memory map


.text           0x00000000     0x509c
 *(.isr_vector)
 .isr_vector    0x00000000      0x200 _build/nrf52840_xxaa/gcc_startup_nrf52840.S.o
                0x00000000                __isr_vector
 *(.text*)
 .text          0x00000200       0x40 c:/git_proj/nf52840_accelerometer_lis3dh/tools/gnu_tools/7_2017_q4_major/bin/../lib/gcc/arm-none-eabi/7.2.1/thumb/v7e-m/fpv4-sp/hard/crtbegin.o
 .text          0x00000240       0x74 c:/git_proj/nf52840_accelerometer_lis3dh/tools/gnu_tools/7_2017_q4_major/bin/../lib/gcc/arm-none-eabi/7.2.1/../../../../arm-none-eabi/lib/thumb/v7e-m/fpv4-sp/hard/crt0.o
                0x00000240                _start
                0x00000240                _mainCRTStartup
 .text          0x000002b4       0x3c _build/nrf52840_xxaa/gcc_startup_nrf52840.S.o
                0x000002b4                Reset_Handler
                0x000002dc                NMI_Handler
                0x000002de                HardFault_Handler
                0x000002e0                MemoryManagement_Handler
                0x000002e2                BusFault_Handler
                0x000002e4                UsageFault_Handler
                0x000002e6                SVC_Handler
                0x000002e8                DebugMon_Handler
                0x000002ea                PendSV_Handler
                0x000002ec                SysTick_Handler
                0x000002ee                RADIO_IRQHandler
                0x000002ee                PDM_IRQHandler
                0x000002ee                TEMP_IRQHandler
                0x000002ee                QDEC_IRQHandler
                0x000002ee                RTC0_IRQHandler
                0x000002ee                PWM3_IRQHandler
                0x000002ee                FPU_IRQHandler
                0x000002ee                USBD_IRQHandler
                0x000002ee                GPIOTE_IRQHandler
                0x000002ee                TIMER4_IRQHandler
                0x000002ee                TIMER3_IRQHandler
                0x000002ee                I2S_IRQHandler
                0x000002ee                SWI4_EGU4_IRQHandler
                0x000002ee                PWM1_IRQHandler
                0x000002ee                TIMER2_IRQHandler
                0x000002ee                UARTE1_IRQHandler
                0x000002ee                TIMER1_IRQHandler
                0x000002ee                SPIM3_IRQHandler
                0x000002ee                PWM2_IRQHandler
                0x000002ee                ECB_IRQHandler
                0x000002ee                SPIM1_SPIS1_TWIM1_TWIS1_SPI1_TWI1_IRQHandler
                0x000002ee                Default_Handler
                0x000002ee                SAADC_IRQHandler
                0x000002ee                CCM_AAR_IRQHandler
                0x000002ee                WDT_IRQHandler
                0x000002ee                CRYPTOCELL_IRQHandler
                0x000002ee                SWI5_EGU5_IRQHandler
                0x000002ee                RNG_IRQHandler
                0x000002ee                RTC2_IRQHandler
                0x000002ee                PWM0_IRQHandler
                0x000002ee                SWI3_EGU3_IRQHandler
                0x000002ee                SWI1_EGU1_IRQHandler
                0x000002ee                SPIM2_SPIS2_SPI2_IRQHandler
                0x000002ee                NFCT_IRQHandler
                0x000002ee                SWI2_EGU2_IRQHandler
                0x000002ee                MWU_IRQHandler
                0x000002ee                TIMER0_IRQHandler
                0x000002ee                QSPI_IRQHandler
                0x000002ee                COMP_LPCOMP_IRQHandler
 .text.nrf_log_backend_rtt_flush
                0x000002f0        0x4 _build/nrf52840_xxaa/nrf_log_backend_rtt.c.o
 .text.nrf_log_backend_rtt_put
                0x000002f4       0x20 _build/nrf52840_xxaa/nrf_log_backend_rtt.c.o
 .text.serial_tx
                0x00000314       0x54 _build/nrf52840_xxaa/nrf_log_backend_rtt.c.o
 .text.nrf_log_backend_rtt_panic_set
                0x00000368        0x4 _build/nrf52840_xxaa/nrf_log_backend_rtt.c.o
 .text.nrf_log_backend_rtt_init
                0x0000036c        0x4 _build/nrf52840_xxaa/nrf_log_backend_rtt.c.o
                0x0000036c                nrf_log_backend_rtt_init
 .text.nrf_log_backend_serial_put
                0x00000370       0xd4 _build/nrf52840_xxaa/nrf_log_backend_serial.c.o
                0x00000370                nrf_log_backend_serial_put
 .text.nrf_log_default_backends_init
                0x00000444       0x20 _build/nrf52840_xxaa/nrf_log_default_backends.c.o
                0x00000444                nrf_log_default_backends_init
 .text.log_skip
                0x00000464       0xd4 _build/nrf52840_xxaa/nrf_log_frontend.c.o
 .text.nrf_log_init
                0x00000538       0x3c _build/nrf52840_xxaa/nrf_log_frontend.c.o
                0x00000538                nrf_log_init
 .text.nrf_log_module_name_get
                0x00000574       0x58 _build/nrf52840_xxaa/nrf_log_frontend.c.o
                0x00000574                nrf_log_module_name_get
 .text.nrf_log_color_id_get
                0x000005cc       0x2c _build/nrf52840_xxaa/nrf_log_frontend.c.o
                0x000005cc                nrf_log_color_id_get
 .text.nrf_log_frontend_std_0
                0x000005f8       0xe4 _build/nrf52840_xxaa/nrf_log_frontend.c.o
                0x000005f8                nrf_log_frontend_std_0
 .text.nrf_log_frontend_dequeue.part.6
                0x000006dc      0x264 _build/nrf52840_xxaa/nrf_log_frontend.c.o
 .text.nrf_log_frontend_std_3
                0x00000940      0x104 _build/nrf52840_xxaa/nrf_log_frontend.c.o
                0x00000940                nrf_log_frontend_std_3
 .text.nrf_log_frontend_dequeue
                0x00000a44       0x18 _build/nrf52840_xxaa/nrf_log_frontend.c.o
                0x00000a44                nrf_log_frontend_dequeue
 .text.nrf_log_backend_add
                0x00000a5c       0x68 _build/nrf52840_xxaa/nrf_log_frontend.c.o
                0x00000a5c                nrf_log_backend_add
 .text.nrf_log_panic
                0x00000ac4       0x2c _build/nrf52840_xxaa/nrf_log_frontend.c.o
                0x00000ac4                nrf_log_panic
 .text.nrf_log_std_entry_process
                0x00000af0      0x14c _build/nrf52840_xxaa/nrf_log_str_formatter.c.o
                0x00000af0                nrf_log_std_entry_process
 .text.nrf_log_hexdump_entry_process
                0x00000c3c      0x164 _build/nrf52840_xxaa/nrf_log_str_formatter.c.o
                0x00000c3c                nrf_log_hexdump_entry_process
 .text.app_error_handler_bare
                0x00000da0       0x20 _build/nrf52840_xxaa/app_error.c.o
                0x00000da0                app_error_handler_bare
 .text.app_error_fault_handler
                0x00000dc0       0x70 _build/nrf52840_xxaa/app_error_weak.c.o
                0x00000dc0                app_error_fault_handler
 .text.app_util_critical_region_enter
                0x00000e30       0x10 _build/nrf52840_xxaa/app_util_platform.c.o
                0x00000e30                app_util_critical_region_enter
 .text.app_util_critical_region_exit
                0x00000e40       0x14 _build/nrf52840_xxaa/app_util_platform.c.o
                0x00000e40                app_util_critical_region_exit
 .text.nrf_atomic_u32_fetch_store
                0x00000e54       0x14 _build/nrf52840_xxaa/nrf_atomic.c.o
                0x00000e54                nrf_atomic_u32_fetch_store
 .text.nrf_atomic_u32_add
                0x00000e68       0x18 _build/nrf52840_xxaa/nrf_atomic.c.o
                0x00000e68                nrf_atomic_u32_add
 .text.nrf_atomic_u32_sub
                0x00000e80       0x18 _build/nrf52840_xxaa/nrf_atomic.c.o
                0x00000e80                nrf_atomic_u32_sub
 .text.nrf_atomic_flag_set
                0x00000e98       0x18 _build/nrf52840_xxaa/nrf_atomic.c.o
                0x00000e98                nrf_atomic_flag_set
 .text.nrf_atomic_flag_clear_fetch
                0x00000eb0       0x18 _build/nrf52840_xxaa/nrf_atomic.c.o
                0x00000eb0                nrf_atomic_flag_clear_fetch
 .text.nrf_balloc_init
                0x00000ec8       0x38 _build/nrf52840_xxaa/nrf_balloc.c.o
                0x00000ec8                nrf_balloc_init
 .text.nrf_balloc_alloc
                0x00000f00       0x44 _build/nrf52840_xxaa/nrf_balloc.c.o
                0x00000f00                nrf_balloc_alloc
 .text.nrf_balloc_free
                0x00000f44       0x2c _build/nrf52840_xxaa/nrf_balloc.c.o
                0x00000f44                nrf_balloc_free
 .text.nrf_fprintf_buffer_flush
                0x00000f70       0x18 _build/nrf52840_xxaa/nrf_fprintf.c.o
                0x00000f70                nrf_fprintf_buffer_flush
 .text.nrf_fprintf
                0x00000f88       0x20 _build/nrf52840_xxaa/nrf_fprintf.c.o
                0x00000f88                nrf_fprintf
 .text.unsigned_print
                0x00000fa8      0x148 _build/nrf52840_xxaa/nrf_fprintf_format.c.o
 .text.nrf_fprintf_fmt
                0x000010f0      0x6e4 _build/nrf52840_xxaa/nrf_fprintf_format.c.o
                0x000010f0                nrf_fprintf_fmt
 .text.nrf_memobj_pool_init
                0x000017d4        0x4 _build/nrf52840_xxaa/nrf_memobj.c.o
                0x000017d4                nrf_memobj_pool_init
 .text.nrf_memobj_alloc
                0x000017d8       0x84 _build/nrf52840_xxaa/nrf_memobj.c.o
                0x000017d8                nrf_memobj_alloc
 .text.nrf_memobj_get
                0x0000185c        0x8 _build/nrf52840_xxaa/nrf_memobj.c.o
                0x0000185c                nrf_memobj_get
 .text.nrf_memobj_put
                0x00001864       0x44 _build/nrf52840_xxaa/nrf_memobj.c.o
                0x00001864                nrf_memobj_put
 .text.nrf_memobj_write
                0x000018a8       0x68 _build/nrf52840_xxaa/nrf_memobj.c.o
                0x000018a8                nrf_memobj_write
 .text.nrf_memobj_read
                0x00001910       0x68 _build/nrf52840_xxaa/nrf_memobj.c.o
                0x00001910                nrf_memobj_read
 .text.nrf_ringbuf_init
                0x00001978       0x1c _build/nrf52840_xxaa/nrf_ringbuf.c.o
                0x00001978                nrf_ringbuf_init
 .text.twim_evt_handler
                0x00001994       0x48 _build/nrf52840_xxaa/nrf_drv_twi.c.o
 .text.nrf_drv_twi_init
                0x000019dc      0x188 _build/nrf52840_xxaa/nrf_drv_twi.c.o
                0x000019dc                nrf_drv_twi_init
 .text.UARTE0_UART0_IRQHandler
                0x00001b64        0xc _build/nrf52840_xxaa/nrfx_prs.c.o
                0x00001b64                UARTE0_UART0_IRQHandler
 .text.nrfx_prs_acquire
                0x00001b70       0x3c _build/nrf52840_xxaa/nrfx_prs.c.o
                0x00001b70                nrfx_prs_acquire
 .text.SPIM0_SPIS0_TWIM0_TWIS0_SPI0_TWI0_IRQHandler
                0x00001bac      0x178 _build/nrf52840_xxaa/nrfx_twim.c.o
                0x00001bac                SPIM0_SPIS0_TWIM0_TWIS0_SPI0_TWI0_IRQHandler
 .text.nrfx_twim_init
                0x00001d24      0x110 _build/nrf52840_xxaa/nrfx_twim.c.o
                0x00001d24                nrfx_twim_init
 .text.nrfx_twim_enable
                0x00001e34       0x20 _build/nrf52840_xxaa/nrfx_twim.c.o
                0x00001e34                nrfx_twim_enable
 .text.nrfx_twim_tx
                0x00001e54      0x184 _build/nrf52840_xxaa/nrfx_twim.c.o
                0x00001e54                nrfx_twim_tx
 .text.nrfx_twim_rx
                0x00001fd8      0x154 _build/nrf52840_xxaa/nrfx_twim.c.o
                0x00001fd8                nrfx_twim_rx
 .text.nrfx_clock_init
                0x0000212c       0x1c _build/nrf52840_xxaa/nrfx_clock.c.o
                0x0000212c                nrfx_clock_init
 .text.nrfx_clock_enable
                0x00002148       0x24 _build/nrf52840_xxaa/nrfx_clock.c.o
                0x00002148                nrfx_clock_enable
 .text.nrfx_clock_lfclk_start
                0x0000216c       0x30 _build/nrf52840_xxaa/nrfx_clock.c.o
                0x0000216c                nrfx_clock_lfclk_start
 .text.POWER_CLOCK_IRQHandler
                0x0000219c       0x64 _build/nrf52840_xxaa/nrfx_clock.c.o
                0x0000219c                POWER_CLOCK_IRQHandler
 .text.RTC1_IRQHandler
                0x00002200       0xa0 _build/nrf52840_xxaa/app_timer.c.o
                0x00002200                RTC1_IRQHandler
 .text.SWI0_EGU0_IRQHandler
                0x000022a0      0x394 _build/nrf52840_xxaa/app_timer.c.o
                0x000022a0                SWI0_EGU0_IRQHandler
 .text.app_timer_init
                0x00002634       0xa8 _build/nrf52840_xxaa/app_timer.c.o
                0x00002634                app_timer_init
 .text.app_timer_create
                0x000026dc       0x24 _build/nrf52840_xxaa/app_timer.c.o
                0x000026dc                app_timer_create
 .text.app_timer_start
                0x00002700       0x9c _build/nrf52840_xxaa/app_timer.c.o
                0x00002700                app_timer_start
 .text.clock_irq_handler
                0x0000279c       0x44 _build/nrf52840_xxaa/nrf_drv_clock.c.o
 .text.nrf_drv_clock_init
                0x000027e0       0x34 _build/nrf52840_xxaa/nrf_drv_clock.c.o
                0x000027e0                nrf_drv_clock_init
 .text.nrf_drv_clock_lfclk_request
                0x00002814       0x5c _build/nrf52840_xxaa/nrf_drv_clock.c.o
                0x00002814                nrf_drv_clock_lfclk_request
 .text.timer_handler
                0x00002870      0x2c4 _build/nrf52840_xxaa/main.c.o
 .text.startup.main
                0x00002b34      0x108 _build/nrf52840_xxaa/main.c.o
                0x00002b34                main
 .text.SEGGER_RTT_WriteNoLock
                0x00002c3c      0x168 _build/nrf52840_xxaa/SEGGER_RTT.c.o
                0x00002c3c                SEGGER_RTT_WriteNoLock
 .text.SEGGER_RTT_Init
                0x00002da4       0x60 _build/nrf52840_xxaa/SEGGER_RTT.c.o
                0x00002da4                SEGGER_RTT_Init
 .text.SystemInit
                0x00002e04      0x1c4 _build/nrf52840_xxaa/system_nrf52840.c.o
                0x00002e04                SystemInit
 .text.exit     0x00002fc8       0x28 c:/git_proj/nf52840_accelerometer_lis3dh/tools/gnu_tools/7_2017_q4_major/bin/../lib/gcc/arm-none-eabi/7.2.1/../../../../arm-none-eabi/lib/thumb/v7e-m/fpv4-sp/hard\libc_nano.a(lib_a-exit.o)
                0x00002fc8                exit
 .text.__libc_init_array
                0x00002ff0       0x48 c:/git_proj/nf52840_accelerometer_lis3dh/tools/gnu_tools/7_2017_q4_major/bin/../lib/gcc/arm-none-eabi/7.2.1/../../../../arm-none-eabi/lib/thumb/v7e-m/fpv4-sp/hard\libc_nano.a(lib_a-init.o)
                0x00002ff0                __libc_init_array
 .text.__locale_ctype_ptr
                0x00003038       0x1c c:/git_proj/nf52840_accelerometer_lis3dh/tools/gnu_tools/7_2017_q4_major/bin/../lib/gcc/arm-none-eabi/7.2.1/../../../../arm-none-eabi/lib/thumb/v7e-m/fpv4-sp/hard\libc_nano.a(lib_a-locale.o)
                0x00003038                __locale_ctype_ptr
 .text.__ascii_mbtowc
                0x00003054       0x24 c:/git_proj/nf52840_accelerometer_lis3dh/tools/gnu_tools/7_2017_q4_major/bin/../lib/gcc/arm-none-eabi/7.2.1/../../../../arm-none-eabi/lib/thumb/v7e-m/fpv4-sp/hard\libc_nano.a(lib_a-mbtowc_r.o)
                0x00003054                __ascii_mbtowc
 .text.memcpy   0x00003078       0x16 c:/git_proj/nf52840_accelerometer_lis3dh/tools/gnu_tools/7_2017_q4_major/bin/../lib/gcc/arm-none-eabi/7.2.1/../../../../arm-none-eabi/lib/thumb/v7e-m/fpv4-sp/hard\libc_nano.a(lib_a-memcpy-stub.o)
                0x00003078                memcpy
 .text.memset   0x0000308e       0x10 c:/git_proj/nf52840_accelerometer_lis3dh/tools/gnu_tools/7_2017_q4_major/bin/../lib/gcc/arm-none-eabi/7.2.1/../../../../arm-none-eabi/lib/thumb/v7e-m/fpv4-sp/hard\libc_nano.a(lib_a-memset.o)
                0x0000308e                memset
 .text.strcpy   0x0000309e       0x10 c:/git_proj/nf52840_accelerometer_lis3dh/tools/gnu_tools/7_2017_q4_major/bin/../lib/gcc/arm-none-eabi/7.2.1/../../../../arm-none-eabi/lib/thumb/v7e-m/fpv4-sp/hard\libc_nano.a(lib_a-strcpy.o)
                0x0000309e                strcpy
 .text          0x000030ae       0x10 c:/git_proj/nf52840_accelerometer_lis3dh/tools/gnu_tools/7_2017_q4_major/bin/../lib/gcc/arm-none-eabi/7.2.1/../../../../arm-none-eabi/lib/thumb/v7e-m/fpv4-sp/hard\libc_nano.a(lib_a-strlen.o)
                0x000030ae                strlen
 .text.__ascii_wctomb
                0x000030be       0x1a c:/git_proj/nf52840_accelerometer_lis3dh/tools/gnu_tools/7_2017_q4_major/bin/../lib/gcc/arm-none-eabi/7.2.1/../../../../arm-none-eabi/lib/thumb/v7e-m/fpv4-sp/hard\libc_nano.a(lib_a-wctomb_r.o)
                0x000030be                __ascii_wctomb
 .text._exit    0x000030d8        0x4 c:/git_proj/nf52840_accelerometer_lis3dh/tools/gnu_tools/7_2017_q4_major/bin/../lib/gcc/arm-none-eabi/7.2.1/../../../../arm-none-eabi/lib/thumb/v7e-m/fpv4-sp/hard\libnosys.a(_exit.o)
                0x000030d8                _exit
 *fill*         0x000030dc        0x4 
 .text.pow      0x000030e0      0x338 c:/git_proj/nf52840_accelerometer_lis3dh/tools/gnu_tools/7_2017_q4_major/bin/../lib/gcc/arm-none-eabi/7.2.1/../../../../arm-none-eabi/lib/thumb/v7e-m/fpv4-sp/hard\libm.a(lib_a-w_pow.o)
                0x000030e0                pow
 .text.sqrt     0x00003418       0xb8 c:/git_proj/nf52840_accelerometer_lis3dh/tools/gnu_tools/7_2017_q4_major/bin/../lib/gcc/arm-none-eabi/7.2.1/../../../../arm-none-eabi/lib/thumb/v7e-m/fpv4-sp/hard\libm.a(lib_a-w_sqrt.o)
                0x00003418                sqrt
 .text.__ieee754_pow
                0x000034d0      0xab8 c:/git_proj/nf52840_accelerometer_lis3dh/tools/gnu_tools/7_2017_q4_major/bin/../lib/gcc/arm-none-eabi/7.2.1/../../../../arm-none-eabi/lib/thumb/v7e-m/fpv4-sp/hard\libm.a(lib_a-e_pow.o)
                0x000034d0                __ieee754_pow
 .text.__ieee754_sqrt
                0x00003f88      0x194 c:/git_proj/nf52840_accelerometer_lis3dh/tools/gnu_tools/7_2017_q4_major/bin/../lib/gcc/arm-none-eabi/7.2.1/../../../../arm-none-eabi/lib/thumb/v7e-m/fpv4-sp/hard\libm.a(lib_a-e_sqrt.o)
                0x00003f88                __ieee754_sqrt
 .text.fabs     0x0000411c       0x14 c:/git_proj/nf52840_accelerometer_lis3dh/tools/gnu_tools/7_2017_q4_major/bin/../lib/gcc/arm-none-eabi/7.2.1/../../../../arm-none-eabi/lib/thumb/v7e-m/fpv4-sp/hard\libm.a(lib_a-s_fabs.o)
                0x0000411c                fabs
 .text.finite   0x00004130       0x10 c:/git_proj/nf52840_accelerometer_lis3dh/tools/gnu_tools/7_2017_q4_major/bin/../lib/gcc/arm-none-eabi/7.2.1/../../../../arm-none-eabi/lib/thumb/v7e-m/fpv4-sp/hard\libm.a(lib_a-s_finite.o)
                0x00004130                finite
 .text.matherr  0x00004140        0x4 c:/git_proj/nf52840_accelerometer_lis3dh/tools/gnu_tools/7_2017_q4_major/bin/../lib/gcc/arm-none-eabi/7.2.1/../../../../arm-none-eabi/lib/thumb/v7e-m/fpv4-sp/hard\libm.a(lib_a-s_matherr.o)
                0x00004140                matherr
 *fill*         0x00004144        0x4 
 .text.nan      0x00004148       0x10 c:/git_proj/nf52840_accelerometer_lis3dh/tools/gnu_tools/7_2017_q4_major/bin/../lib/gcc/arm-none-eabi/7.2.1/../../../../arm-none-eabi/lib/thumb/v7e-m/fpv4-sp/hard\libm.a(lib_a-s_nan.o)
                0x00004148                nan
 .text.rint     0x00004158      0x110 c:/git_proj/nf52840_accelerometer_lis3dh/tools/gnu_tools/7_2017_q4_major/bin/../lib/gcc/arm-none-eabi/7.2.1/../../../../arm-none-eabi/lib/thumb/v7e-m/fpv4-sp/hard\libm.a(lib_a-s_rint.o)
                0x00004158                rint
 .text.scalbn   0x00004268      0x114 c:/git_proj/nf52840_accelerometer_lis3dh/tools/gnu_tools/7_2017_q4_major/bin/../lib/gcc/arm-none-eabi/7.2.1/../../../../arm-none-eabi/lib/thumb/v7e-m/fpv4-sp/hard\libm.a(lib_a-s_scalbn.o)
                0x00004268                scalbn
 .text.copysign
                0x0000437c       0x1c c:/git_proj/nf52840_accelerometer_lis3dh/tools/gnu_tools/7_2017_q4_major/bin/../lib/gcc/arm-none-eabi/7.2.1/../../../../arm-none-eabi/lib/thumb/v7e-m/fpv4-sp/hard\libm.a(lib_a-s_copysign.o)
                0x0000437c                copysign
 .text          0x00004398      0x378 c:/git_proj/nf52840_accelerometer_lis3dh/tools/gnu_tools/7_2017_q4_major/bin/../lib/gcc/arm-none-eabi/7.2.1/thumb/v7e-m/fpv4-sp/hard\libgcc.a(_arm_addsubdf3.o)
                0x00004398                __aeabi_drsub
                0x000043a0                __aeabi_dsub
                0x000043a0                __subdf3
                0x000043a4                __aeabi_dadd
                0x000043a4                __adddf3
                0x0000461c                __floatunsidf
                0x0000461c                __aeabi_ui2d
                0x0000463c                __floatsidf
                0x0000463c                __aeabi_i2d
                0x00004660                __aeabi_f2d
                0x00004660                __extendsfdf2
                0x000046a4                __floatundidf
                0x000046a4                __aeabi_ul2d
                0x000046b4                __floatdidf
                0x000046b4                __aeabi_l2d
 .text          0x00004710      0x424 c:/git_proj/nf52840_accelerometer_lis3dh/tools/gnu_tools/7_2017_q4_major/bin/../lib/gcc/arm-none-eabi/7.2.1/thumb/v7e-m/fpv4-sp/hard\libgcc.a(_arm_muldivdf3.o)
                0x00004710                __aeabi_dmul
                0x00004710                __muldf3
                0x00004964                __divdf3
                0x00004964                __aeabi_ddiv
 .text          0x00004b34      0x110 c:/git_proj/nf52840_accelerometer_lis3dh/tools/gnu_tools/7_2017_q4_major/bin/../lib/gcc/arm-none-eabi/7.2.1/thumb/v7e-m/fpv4-sp/hard\libgcc.a(_arm_cmpdf2.o)
                0x00004b34                __gtdf2
                0x00004b34                __gedf2
                0x00004b3c                __ltdf2
                0x00004b3c                __ledf2
                0x00004b44                __nedf2
                0x00004b44                __eqdf2
                0x00004b44                __cmpdf2
                0x00004bc0                __aeabi_cdrcmple
                0x00004bd0                __aeabi_cdcmpeq
                0x00004bd0                __aeabi_cdcmple
                0x00004be0                __aeabi_dcmpeq
                0x00004bf4                __aeabi_dcmplt
                0x00004c08                __aeabi_dcmple
                0x00004c1c                __aeabi_dcmpge
                0x00004c30                __aeabi_dcmpgt
 .text          0x00004c44       0x2c c:/git_proj/nf52840_accelerometer_lis3dh/tools/gnu_tools/7_2017_q4_major/bin/../lib/gcc/arm-none-eabi/7.2.1/thumb/v7e-m/fpv4-sp/hard\libgcc.a(_arm_unorddf2.o)
                0x00004c44                __unorddf2
                0x00004c44                __aeabi_dcmpun
 .text          0x00004c70       0xa0 c:/git_proj/nf52840_accelerometer_lis3dh/tools/gnu_tools/7_2017_q4_major/bin/../lib/gcc/arm-none-eabi/7.2.1/thumb/v7e-m/fpv4-sp/hard\libgcc.a(_arm_truncdfsf2.o)
                0x00004c70                __truncdfsf2
                0x00004c70                __aeabi_d2f
 .text.__errno  0x00004d10        0xc c:/git_proj/nf52840_accelerometer_lis3dh/tools/gnu_tools/7_2017_q4_major/bin/../lib/gcc/arm-none-eabi/7.2.1/../../../../arm-none-eabi/lib/thumb/v7e-m/fpv4-sp/hard\libg_nano.a(lib_a-errno.o)
                0x00004d10                __errno
 *(.init)
 .init          0x00004d1c        0x4 c:/git_proj/nf52840_accelerometer_lis3dh/tools/gnu_tools/7_2017_q4_major/bin/../lib/gcc/arm-none-eabi/7.2.1/thumb/v7e-m/fpv4-sp/hard/crti.o
                0x00004d1c                _init
 .init          0x00004d20        0x8 c:/git_proj/nf52840_accelerometer_lis3dh/tools/gnu_tools/7_2017_q4_major/bin/../lib/gcc/arm-none-eabi/7.2.1/thumb/v7e-m/fpv4-sp/hard/crtn.o
 *(.fini)
 .fini          0x00004d28        0x4 c:/git_proj/nf52840_accelerometer_lis3dh/tools/gnu_tools/7_2017_q4_major/bin/../lib/gcc/arm-none-eabi/7.2.1/thumb/v7e-m/fpv4-sp/hard/crti.o
                0x00004d28                _fini
 .fini          0x00004d2c        0x8 c:/git_proj/nf52840_accelerometer_lis3dh/tools/gnu_tools/7_2017_q4_major/bin/../lib/gcc/arm-none-eabi/7.2.1/thumb/v7e-m/fpv4-sp/hard/crtn.o
 *crtbegin.o(.ctors)
 *crtbegin?.o(.ctors)
 *(EXCLUDE_FILE(*crtend.o *crtend?.o) .ctors)
 *(SORT_BY_NAME(.ctors.*))
 *(.ctors)
 *crtbegin.o(.dtors)
 *crtbegin?.o(.dtors)
 *(EXCLUDE_FILE(*crtend.o *crtend?.o) .dtors)
 *(SORT_BY_NAME(.dtors.*))
 *(.dtors)
 *(.rodata*)
 *fill*         0x00004d34        0xc 
 .rodata.delay_machine_code.8840
                0x00004d40        0x6 _build/nrf52840_xxaa/nrf_log_backend_rtt.c.o
 *fill*         0x00004d46        0x2 
 .rodata.nrf_log_backend_rtt_api
                0x00004d48        0xc _build/nrf52840_xxaa/nrf_log_backend_rtt.c.o
                0x00004d48                nrf_log_backend_rtt_api
 .rodata.str1.4
                0x00004d54       0x10 _build/nrf52840_xxaa/nrf_log_default_backends.c.o
 .rodata.m_log_push_ringbuf
                0x00004d64        0xc _build/nrf52840_xxaa/nrf_log_frontend.c.o
 .rodata.nrf_log_frontend_dequeue.part.6.str1.4
                0x00004d70       0x11 _build/nrf52840_xxaa/nrf_log_frontend.c.o
 *fill*         0x00004d81        0x3 
 .rodata.str1.4
                0x00004d84        0x4 _build/nrf52840_xxaa/nrf_log_frontend.c.o
 .rodata.m_colors
                0x00004d88       0x24 _build/nrf52840_xxaa/nrf_log_str_formatter.c.o
 .rodata.nrf_log_hexdump_entry_process.str1.4
                0x00004dac       0x13 _build/nrf52840_xxaa/nrf_log_str_formatter.c.o
                                 0x16 (size before relaxing)
 *fill*         0x00004dbf        0x1 
 .rodata.nrf_log_std_entry_process.str1.4
                0x00004dc0       0x36 _build/nrf52840_xxaa/nrf_log_str_formatter.c.o
                                 0x3b (size before relaxing)
 *fill*         0x00004df6        0x2 
 .rodata.severity_names
                0x00004df8       0x14 _build/nrf52840_xxaa/nrf_log_str_formatter.c.o
 .rodata.str1.4
                0x00004e0c       0x56 _build/nrf52840_xxaa/nrf_log_str_formatter.c.o
 *fill*         0x00004e62        0x2 
 .rodata.app_error_fault_handler.str1.4
                0x00004e64       0x19 _build/nrf52840_xxaa/app_error_weak.c.o
 *fill*         0x00004e7d        0x3 
 .rodata._aV2C.7651
                0x00004e80       0x10 _build/nrf52840_xxaa/nrf_fprintf_format.c.o
 .rodata.delay_machine_code.8164
                0x00004e90        0x6 _build/nrf52840_xxaa/nrf_drv_twi.c.o
 *fill*         0x00004e96        0x2 
 .rodata.str1.4
                0x00004e98        0x4 _build/nrf52840_xxaa/nrfx_prs.c.o
 .rodata.str1.4
                0x00004e9c        0x5 _build/nrf52840_xxaa/nrfx_twim.c.o
 *fill*         0x00004ea1        0x3 
 .rodata.str1.4
                0x00004ea4        0x5 _build/nrf52840_xxaa/nrfx_uart.c.o
 *fill*         0x00004ea9        0x3 
 .rodata.str1.4
                0x00004eac        0x6 _build/nrf52840_xxaa/nrfx_uarte.c.o
 *fill*         0x00004eb2        0x2 
 .rodata.str1.4
                0x00004eb4        0x6 _build/nrf52840_xxaa/nrfx_clock.c.o
 *fill*         0x00004eba        0x6 
 .rodata.delay_machine_code.8566
                0x00004ec0        0x6 _build/nrf52840_xxaa/app_timer.c.o
 *fill*         0x00004ec6        0x2 
 .rodata.str1.4
                0x00004ec8        0x6 _build/nrf52840_xxaa/nrf_drv_clock.c.o
 *fill*         0x00004ece        0x2 
 .rodata        0x00004ed0        0x2 _build/nrf52840_xxaa/main.c.o
 *fill*         0x00004ed2        0xe 
 .rodata.delay_machine_code.8592
                0x00004ee0        0x6 _build/nrf52840_xxaa/main.c.o
 *fill*         0x00004ee6        0x2 
 .rodata.m_timer
                0x00004ee8        0x4 _build/nrf52840_xxaa/main.c.o
 .rodata.m_twi  0x00004eec       0x10 _build/nrf52840_xxaa/main.c.o
 .rodata.timer_handler.str1.4
                0x00004efc       0x53 _build/nrf52840_xxaa/main.c.o
                                 0x57 (size before relaxing)
 *fill*         0x00004f4f        0x1 
 .rodata.SEGGER_RTT_ReadNoLock.str1.4
                0x00004f50       0x17 _build/nrf52840_xxaa/SEGGER_RTT.c.o
 *fill*         0x00004f67        0x1 
 .rodata._global_impure_ptr
                0x00004f68        0x4 c:/git_proj/nf52840_accelerometer_lis3dh/tools/gnu_tools/7_2017_q4_major/bin/../lib/gcc/arm-none-eabi/7.2.1/../../../../arm-none-eabi/lib/thumb/v7e-m/fpv4-sp/hard\libc_nano.a(lib_a-impure.o)
                0x00004f68                _global_impure_ptr
 .rodata._setlocale_r.str1.1
                0x00004f6c        0x8 c:/git_proj/nf52840_accelerometer_lis3dh/tools/gnu_tools/7_2017_q4_major/bin/../lib/gcc/arm-none-eabi/7.2.1/../../../../arm-none-eabi/lib/thumb/v7e-m/fpv4-sp/hard\libc_nano.a(lib_a-locale.o)
                                  0x9 (size before relaxing)
 .rodata.str1.1
                0x00004f74        0x2 c:/git_proj/nf52840_accelerometer_lis3dh/tools/gnu_tools/7_2017_q4_major/bin/../lib/gcc/arm-none-eabi/7.2.1/../../../../arm-none-eabi/lib/thumb/v7e-m/fpv4-sp/hard\libc_nano.a(lib_a-locale.o)
 .rodata._ctype_
                0x00004f76      0x101 c:/git_proj/nf52840_accelerometer_lis3dh/tools/gnu_tools/7_2017_q4_major/bin/../lib/gcc/arm-none-eabi/7.2.1/../../../../arm-none-eabi/lib/thumb/v7e-m/fpv4-sp/hard\libc_nano.a(lib_a-ctype_.o)
                0x00004f76                _ctype_
 *fill*         0x00005077        0x1 
 .rodata.pow.str1.4
                0x00005078        0x4 c:/git_proj/nf52840_accelerometer_lis3dh/tools/gnu_tools/7_2017_q4_major/bin/../lib/gcc/arm-none-eabi/7.2.1/../../../../arm-none-eabi/lib/thumb/v7e-m/fpv4-sp/hard\libm.a(lib_a-w_pow.o)
 .rodata.sqrt.str1.4
                0x0000507c        0x8 c:/git_proj/nf52840_accelerometer_lis3dh/tools/gnu_tools/7_2017_q4_major/bin/../lib/gcc/arm-none-eabi/7.2.1/../../../../arm-none-eabi/lib/thumb/v7e-m/fpv4-sp/hard\libm.a(lib_a-w_sqrt.o)
                                  0x5 (size before relaxing)
 .rodata.__ieee754_pow.str1.4
                0x00005084        0x1 c:/git_proj/nf52840_accelerometer_lis3dh/tools/gnu_tools/7_2017_q4_major/bin/../lib/gcc/arm-none-eabi/7.2.1/../../../../arm-none-eabi/lib/thumb/v7e-m/fpv4-sp/hard\libm.a(lib_a-e_pow.o)
 *fill*         0x00005084        0x4 
 .rodata.TWO52  0x00005088       0x10 c:/git_proj/nf52840_accelerometer_lis3dh/tools/gnu_tools/7_2017_q4_major/bin/../lib/gcc/arm-none-eabi/7.2.1/../../../../arm-none-eabi/lib/thumb/v7e-m/fpv4-sp/hard\libm.a(lib_a-s_rint.o)
 *(.eh_frame*)
 .eh_frame      0x00005098        0x0 c:/git_proj/nf52840_accelerometer_lis3dh/tools/gnu_tools/7_2017_q4_major/bin/../lib/gcc/arm-none-eabi/7.2.1/thumb/v7e-m/fpv4-sp/hard/crtbegin.o
 .eh_frame      0x00005098        0x4 c:/git_proj/nf52840_accelerometer_lis3dh/tools/gnu_tools/7_2017_q4_major/bin/../lib/gcc/arm-none-eabi/7.2.1/thumb/v7e-m/fpv4-sp/hard/crtend.o

.glue_7         0x0000509c        0x0
 .glue_7        0x0000509c        0x0 linker stubs

.glue_7t        0x0000509c        0x0
 .glue_7t       0x0000509c        0x0 linker stubs

.vfp11_veneer   0x0000509c        0x0
 .vfp11_veneer  0x0000509c        0x0 linker stubs

.v4_bx          0x0000509c        0x0
 .v4_bx         0x0000509c        0x0 linker stubs

.iplt           0x0000509c        0x0
 .iplt          0x0000509c        0x0 c:/git_proj/nf52840_accelerometer_lis3dh/tools/gnu_tools/7_2017_q4_major/bin/../lib/gcc/arm-none-eabi/7.2.1/thumb/v7e-m/fpv4-sp/hard/crtbegin.o

.mem_section_dummy_rom

.log_const_data
                0x0000509c       0x38
                0x0000509c                PROVIDE (__start_log_const_data, .)
 *(SORT_BY_NAME(.log_const_data*))
 .log_const_data_CLOCK
                0x0000509c        0x8 _build/nrf52840_xxaa/nrfx_clock.c.o
                0x0000509c                m_nrf_log_CLOCK_logs_data_const
 .log_const_data_PRS
                0x000050a4        0x8 _build/nrf52840_xxaa/nrfx_prs.c.o
                0x000050a4                m_nrf_log_PRS_logs_data_const
 .log_const_data_TWIM
                0x000050ac        0x8 _build/nrf52840_xxaa/nrfx_twim.c.o
                0x000050ac                m_nrf_log_TWIM_logs_data_const
 .log_const_data_UART
                0x000050b4        0x8 _build/nrf52840_xxaa/nrfx_uart.c.o
                0x000050b4                m_nrf_log_UART_logs_data_const
 .log_const_data_UARTE
                0x000050bc        0x8 _build/nrf52840_xxaa/nrfx_uarte.c.o
                0x000050bc                m_nrf_log_UARTE_logs_data_const
 .log_const_data_app
                0x000050c4        0x8 _build/nrf52840_xxaa/nrf_log_frontend.c.o
                0x000050c4                m_nrf_log_app_logs_data_const
 .log_const_data_clock
                0x000050cc        0x8 _build/nrf52840_xxaa/nrf_drv_clock.c.o
                0x000050cc                m_nrf_log_clock_logs_data_const
                0x000050d4                PROVIDE (__stop_log_const_data, .)

.log_backends   0x000050d4       0x10
                [!provide]                PROVIDE (__start_log_backends, .)
 *(SORT_BY_NAME(.log_backends*))
 .log_backends  0x000050d4       0x10 _build/nrf52840_xxaa/nrf_log_default_backends.c.o
                [!provide]                PROVIDE (__stop_log_backends, .)

.nrf_balloc     0x000050e4       0x14
                [!provide]                PROVIDE (__start_nrf_balloc, .)
 *(.nrf_balloc)
 .nrf_balloc    0x000050e4       0x14 _build/nrf52840_xxaa/nrf_log_frontend.c.o
                0x000050e4                log_mempool
                [!provide]                PROVIDE (__stop_nrf_balloc, .)

.ARM.extab
 *(.ARM.extab* .gnu.linkonce.armextab.*)
                0x000050f8                __exidx_start = .

.ARM.exidx      0x000050f8        0x8
 *(.ARM.exidx* .gnu.linkonce.armexidx.*)
 .ARM.exidx     0x000050f8        0x8 c:/git_proj/nf52840_accelerometer_lis3dh/tools/gnu_tools/7_2017_q4_major/bin/../lib/gcc/arm-none-eabi/7.2.1/../../../../arm-none-eabi/lib/thumb/v7e-m/fpv4-sp/hard/crt0.o
                0x00005100                __exidx_end = .
                0x00005100                __etext = .

.rel.dyn        0x00005100        0x0
 .rel.iplt      0x00005100        0x0 c:/git_proj/nf52840_accelerometer_lis3dh/tools/gnu_tools/7_2017_q4_major/bin/../lib/gcc/arm-none-eabi/7.2.1/thumb/v7e-m/fpv4-sp/hard/crtbegin.o

.data           0x20000000      0x1e8 load address 0x00005100
                0x20000000                __data_start__ = .
 *(vtable)
 *(.data*)
 .data.log_backend_cb_rtt_log_backend
                0x20000000        0x8 _build/nrf52840_xxaa/nrf_log_default_backends.c.o
 .data.SystemCoreClock
                0x20000008        0x4 _build/nrf52840_xxaa/system_nrf52840.c.o
                0x20000008                SystemCoreClock
 .data._impure_ptr
                0x2000000c        0x4 c:/git_proj/nf52840_accelerometer_lis3dh/tools/gnu_tools/7_2017_q4_major/bin/../lib/gcc/arm-none-eabi/7.2.1/../../../../arm-none-eabi/lib/thumb/v7e-m/fpv4-sp/hard\libc_nano.a(lib_a-impure.o)
                0x2000000c                _impure_ptr
 .data.impure_data
                0x20000010       0x60 c:/git_proj/nf52840_accelerometer_lis3dh/tools/gnu_tools/7_2017_q4_major/bin/../lib/gcc/arm-none-eabi/7.2.1/../../../../arm-none-eabi/lib/thumb/v7e-m/fpv4-sp/hard\libc_nano.a(lib_a-impure.o)
 .data.__global_locale
                0x20000070      0x16c c:/git_proj/nf52840_accelerometer_lis3dh/tools/gnu_tools/7_2017_q4_major/bin/../lib/gcc/arm-none-eabi/7.2.1/../../../../arm-none-eabi/lib/thumb/v7e-m/fpv4-sp/hard\libc_nano.a(lib_a-locale.o)
                0x20000070                __global_locale
 .data.__fdlib_version
                0x200001dc        0x1 c:/git_proj/nf52840_accelerometer_lis3dh/tools/gnu_tools/7_2017_q4_major/bin/../lib/gcc/arm-none-eabi/7.2.1/../../../../arm-none-eabi/lib/thumb/v7e-m/fpv4-sp/hard\libm.a(lib_a-s_lib_ver.o)
                0x200001dc                __fdlib_version
                0x200001e0                . = ALIGN (0x4)
 *fill*         0x200001dd        0x3 
                0x200001e0                PROVIDE (__preinit_array_start, .)
 *(.preinit_array)
                0x200001e0                PROVIDE (__preinit_array_end, .)
                0x200001e0                . = ALIGN (0x4)
                0x200001e0                PROVIDE (__init_array_start, .)
 *(SORT_BY_NAME(.init_array.*))
 *(.init_array)
 .init_array    0x200001e0        0x4 c:/git_proj/nf52840_accelerometer_lis3dh/tools/gnu_tools/7_2017_q4_major/bin/../lib/gcc/arm-none-eabi/7.2.1/thumb/v7e-m/fpv4-sp/hard/crtbegin.o
                0x200001e4                PROVIDE (__init_array_end, .)
                0x200001e4                . = ALIGN (0x4)
                [!provide]                PROVIDE (__fini_array_start, .)
 *(SORT_BY_NAME(.fini_array.*))
 *(.fini_array)
 .fini_array    0x200001e4        0x4 c:/git_proj/nf52840_accelerometer_lis3dh/tools/gnu_tools/7_2017_q4_major/bin/../lib/gcc/arm-none-eabi/7.2.1/thumb/v7e-m/fpv4-sp/hard/crtbegin.o
                [!provide]                PROVIDE (__fini_array_end, .)
 *(.jcr*)
                0x200001e8                . = ALIGN (0x4)
                0x200001e8                __data_end__ = .
LOAD c:/git_proj/nf52840_accelerometer_lis3dh/tools/gnu_tools/7_2017_q4_major/bin/../lib/gcc/arm-none-eabi/7.2.1/thumb/v7e-m/fpv4-sp/hard/crti.o
LOAD c:/git_proj/nf52840_accelerometer_lis3dh/tools/gnu_tools/7_2017_q4_major/bin/../lib/gcc/arm-none-eabi/7.2.1/thumb/v7e-m/fpv4-sp/hard/crtbegin.o
LOAD c:/git_proj/nf52840_accelerometer_lis3dh/tools/gnu_tools/7_2017_q4_major/bin/../lib/gcc/arm-none-eabi/7.2.1/../../../../arm-none-eabi/lib/thumb/v7e-m/fpv4-sp/hard/crt0.o
LOAD _build/nrf52840_xxaa/gcc_startup_nrf52840.S.o
LOAD _build/nrf52840_xxaa/nrf_log_backend_rtt.c.o
LOAD _build/nrf52840_xxaa/nrf_log_backend_serial.c.o
LOAD _build/nrf52840_xxaa/nrf_log_backend_uart.c.o
LOAD _build/nrf52840_xxaa/nrf_log_default_backends.c.o
LOAD _build/nrf52840_xxaa/nrf_log_frontend.c.o
LOAD _build/nrf52840_xxaa/nrf_log_str_formatter.c.o
LOAD _build/nrf52840_xxaa/boards.c.o
LOAD _build/nrf52840_xxaa/app_error.c.o
LOAD _build/nrf52840_xxaa/app_error_handler_gcc.c.o
LOAD _build/nrf52840_xxaa/app_error_weak.c.o
LOAD _build/nrf52840_xxaa/app_util_platform.c.o
LOAD _build/nrf52840_xxaa/nrf_assert.c.o
LOAD _build/nrf52840_xxaa/nrf_atomic.c.o
LOAD _build/nrf52840_xxaa/nrf_balloc.c.o
LOAD _build/nrf52840_xxaa/nrf_fprintf.c.o
LOAD _build/nrf52840_xxaa/nrf_fprintf_format.c.o
LOAD _build/nrf52840_xxaa/nrf_memobj.c.o
LOAD _build/nrf52840_xxaa/nrf_ringbuf.c.o
LOAD _build/nrf52840_xxaa/nrf_strerror.c.o
LOAD _build/nrf52840_xxaa/app_uart_fifo.c.o
LOAD _build/nrf52840_xxaa/app_fifo.c.o
LOAD _build/nrf52840_xxaa/nrf_drv_twi.c.o
LOAD _build/nrf52840_xxaa/nrf_drv_uart.c.o
LOAD _build/nrf52840_xxaa/nrfx_atomic.c.o
LOAD _build/nrf52840_xxaa/nrfx_prs.c.o
LOAD _build/nrf52840_xxaa/nrfx_twi.c.o
LOAD _build/nrf52840_xxaa/nrfx_twim.c.o
LOAD _build/nrf52840_xxaa/nrfx_uart.c.o
LOAD _build/nrf52840_xxaa/nrfx_uarte.c.o
LOAD _build/nrf52840_xxaa/nrfx_clock.c.o
LOAD _build/nrf52840_xxaa/app_timer.c.o
LOAD _build/nrf52840_xxaa/nrf_drv_clock.c.o
LOAD _build/nrf52840_xxaa/retarget.c.o
LOAD _build/nrf52840_xxaa/main.c.o
LOAD _build/nrf52840_xxaa/SEGGER_RTT.c.o
LOAD _build/nrf52840_xxaa/SEGGER_RTT_Syscalls_GCC.c.o
LOAD _build/nrf52840_xxaa/SEGGER_RTT_printf.c.o
LOAD _build/nrf52840_xxaa/system_nrf52840.c.o
LOAD c:/git_proj/nf52840_accelerometer_lis3dh/tools/gnu_tools/7_2017_q4_major/bin/../lib/gcc/arm-none-eabi/7.2.1/../../../../arm-none-eabi/lib/thumb/v7e-m/fpv4-sp/hard\libc_nano.a
LOAD c:/git_proj/nf52840_accelerometer_lis3dh/tools/gnu_tools/7_2017_q4_major/bin/../lib/gcc/arm-none-eabi/7.2.1/../../../../arm-none-eabi/lib/thumb/v7e-m/fpv4-sp/hard\libnosys.a
LOAD c:/git_proj/nf52840_accelerometer_lis3dh/tools/gnu_tools/7_2017_q4_major/bin/../lib/gcc/arm-none-eabi/7.2.1/../../../../arm-none-eabi/lib/thumb/v7e-m/fpv4-sp/hard\libm.a
START GROUP
LOAD c:/git_proj/nf52840_accelerometer_lis3dh/tools/gnu_tools/7_2017_q4_major/bin/../lib/gcc/arm-none-eabi/7.2.1/thumb/v7e-m/fpv4-sp/hard\libgcc.a
LOAD c:/git_proj/nf52840_accelerometer_lis3dh/tools/gnu_tools/7_2017_q4_major/bin/../lib/gcc/arm-none-eabi/7.2.1/../../../../arm-none-eabi/lib/thumb/v7e-m/fpv4-sp/hard\libg_nano.a
LOAD c:/git_proj/nf52840_accelerometer_lis3dh/tools/gnu_tools/7_2017_q4_major/bin/../lib/gcc/arm-none-eabi/7.2.1/../../../../arm-none-eabi/lib/thumb/v7e-m/fpv4-sp/hard\libc_nano.a
END GROUP
START GROUP
LOAD c:/git_proj/nf52840_accelerometer_lis3dh/tools/gnu_tools/7_2017_q4_major/bin/../lib/gcc/arm-none-eabi/7.2.1/thumb/v7e-m/fpv4-sp/hard\libgcc.a
LOAD c:/git_proj/nf52840_accelerometer_lis3dh/tools/gnu_tools/7_2017_q4_major/bin/../lib/gcc/arm-none-eabi/7.2.1/../../../../arm-none-eabi/lib/thumb/v7e-m/fpv4-sp/hard\libc_nano.a
END GROUP
LOAD c:/git_proj/nf52840_accelerometer_lis3dh/tools/gnu_tools/7_2017_q4_major/bin/../lib/gcc/arm-none-eabi/7.2.1/thumb/v7e-m/fpv4-sp/hard/crtend.o
LOAD c:/git_proj/nf52840_accelerometer_lis3dh/tools/gnu_tools/7_2017_q4_major/bin/../lib/gcc/arm-none-eabi/7.2.1/thumb/v7e-m/fpv4-sp/hard/crtn.o
START GROUP
LOAD c:/git_proj/nf52840_accelerometer_lis3dh/tools/gnu_tools/7_2017_q4_major/bin/../lib/gcc/arm-none-eabi/7.2.1/thumb/v7e-m/fpv4-sp/hard\libgcc.a
LOAD c:/git_proj/nf52840_accelerometer_lis3dh/tools/gnu_tools/7_2017_q4_major/bin/../lib/gcc/arm-none-eabi/7.2.1/../../../../arm-none-eabi/lib/thumb/v7e-m/fpv4-sp/hard\libc.a
LOAD c:/git_proj/nf52840_accelerometer_lis3dh/tools/gnu_tools/7_2017_q4_major/bin/../lib/gcc/arm-none-eabi/7.2.1/../../../../arm-none-eabi/lib/thumb/v7e-m/fpv4-sp/hard\libnosys.a
END GROUP

.igot.plt       0x200001e8        0x0 load address 0x000052e8
 .igot.plt      0x200001e8        0x0 c:/git_proj/nf52840_accelerometer_lis3dh/tools/gnu_tools/7_2017_q4_major/bin/../lib/gcc/arm-none-eabi/7.2.1/thumb/v7e-m/fpv4-sp/hard/crtbegin.o
                0x200001e8                . = ALIGN (0x4)

.mem_section_dummy_ram

.log_dynamic_data
                0x200001e8        0x0
                0x200001e8                PROVIDE (__start_log_dynamic_data, .)
 *(SORT_BY_NAME(.log_dynamic_data*))
                [!provide]                PROVIDE (__stop_log_dynamic_data, .)

.log_filter_data
                0x200001e8        0x0
                [!provide]                PROVIDE (__start_log_filter_data, .)
 *(SORT_BY_NAME(.log_filter_data*))
                [!provide]                PROVIDE (__stop_log_filter_data, .)

.bss            0x200001e8      0xa3c load address 0x000052e8
                0x200001e8                . = ALIGN (0x4)
                0x200001e8                __bss_start__ = .
 *(.bss*)
 .bss           0x200001e8       0x1c c:/git_proj/nf52840_accelerometer_lis3dh/tools/gnu_tools/7_2017_q4_major/bin/../lib/gcc/arm-none-eabi/7.2.1/thumb/v7e-m/fpv4-sp/hard/crtbegin.o
 .bss.m_host_present
                0x20000204        0x1 _build/nrf52840_xxaa/nrf_log_backend_rtt.c.o
 *fill*         0x20000205        0x3 
 .bss.m_string_buff
                0x20000208       0x40 _build/nrf52840_xxaa/nrf_log_backend_rtt.c.o
 .bss.log_mempool_nrf_balloc_cb
                0x20000248        0x8 _build/nrf52840_xxaa/nrf_log_frontend.c.o
 .bss.log_mempool_nrf_balloc_pool_mem
                0x20000250       0xc0 _build/nrf52840_xxaa/nrf_log_frontend.c.o
 .bss.log_mempool_nrf_balloc_pool_stack
                0x20000310        0x8 _build/nrf52840_xxaa/nrf_log_frontend.c.o
 .bss.m_log_data
                0x20000318      0x424 _build/nrf52840_xxaa/nrf_log_frontend.c.o
 .bss.m_log_push_ringbuf_buf
                0x2000073c       0x80 _build/nrf52840_xxaa/nrf_log_frontend.c.o
 .bss.m_log_push_ringbuf_cb
                0x200007bc       0x18 _build/nrf52840_xxaa/nrf_log_frontend.c.o
 .bss.m_in_critical_region
                0x200007d4        0x4 _build/nrf52840_xxaa/app_util_platform.c.o
 .bss.m_contexts
                0x200007d8        0x8 _build/nrf52840_xxaa/nrf_drv_twi.c.o
 .bss.m_handlers
                0x200007e0        0x8 _build/nrf52840_xxaa/nrf_drv_twi.c.o
 .bss.m_prs_box_4
                0x200007e8        0x8 _build/nrf52840_xxaa/nrfx_prs.c.o
 .bss.m_cb      0x200007f0       0x34 _build/nrf52840_xxaa/nrfx_twim.c.o
 .bss.m_clock_cb
                0x20000824        0x8 _build/nrf52840_xxaa/nrfx_clock.c.o
 .bss.m_op_queue
                0x2000082c      0x10c _build/nrf52840_xxaa/app_timer.c.o
 .bss.m_rtc1_reset
                0x20000938        0x1 _build/nrf52840_xxaa/app_timer.c.o
 .bss.m_rtc1_running
                0x20000939        0x1 _build/nrf52840_xxaa/app_timer.c.o
 *fill*         0x2000093a        0x2 
 .bss.m_ticks_elapsed
                0x2000093c        0x8 _build/nrf52840_xxaa/app_timer.c.o
 .bss.m_ticks_elapsed_q_read_ind
                0x20000944        0x1 _build/nrf52840_xxaa/app_timer.c.o
 .bss.m_ticks_elapsed_q_write_ind
                0x20000945        0x1 _build/nrf52840_xxaa/app_timer.c.o
 *fill*         0x20000946        0x2 
 .bss.m_ticks_latest
                0x20000948        0x4 _build/nrf52840_xxaa/app_timer.c.o
 .bss.mp_timer_id_head
                0x2000094c        0x4 _build/nrf52840_xxaa/app_timer.c.o
 .bss.m_clock_cb
                0x20000950       0x14 _build/nrf52840_xxaa/nrf_drv_clock.c.o
 .bss.g_data_buff
                0x20000964       0x14 _build/nrf52840_xxaa/main.c.o
                0x20000964                g_data_buff
 .bss.g_data_buff_full_flag
                0x20000978        0x1 _build/nrf52840_xxaa/main.c.o
                0x20000978                g_data_buff_full_flag
 .bss.g_data_buff_index
                0x20000979        0x1 _build/nrf52840_xxaa/main.c.o
                0x20000979                g_data_buff_index
 *fill*         0x2000097a        0x2 
 .bss.m_timer_data
                0x2000097c       0x20 _build/nrf52840_xxaa/main.c.o
 .bss._acDownBuffer
                0x2000099c       0x10 _build/nrf52840_xxaa/SEGGER_RTT.c.o
 .bss._acUpBuffer
                0x200009ac      0x200 _build/nrf52840_xxaa/SEGGER_RTT.c.o
 *(COMMON)
 COMMON         0x20000bac       0x78 _build/nrf52840_xxaa/SEGGER_RTT.c.o
                0x20000bac                _SEGGER_RTT
                0x20000c24                . = ALIGN (0x4)
                0x20000c24                __bss_end__ = .

.heap           0x20000c28     0x2000
                0x20000c28                __HeapBase = .
                0x20000c28                __end__ = .
                [!provide]                PROVIDE (end, .)
 *(.heap*)
 .heap          0x20000c28     0x2000 _build/nrf52840_xxaa/gcc_startup_nrf52840.S.o
                0x20002c28                __HeapLimit = .

.stack_dummy    0x20000c28     0x2000
 *(.stack*)
 .stack         0x20000c28     0x2000 _build/nrf52840_xxaa/gcc_startup_nrf52840.S.o
                0x20040000                __StackTop = (ORIGIN (RAM) + LENGTH (RAM))
                0x2003e000                __StackLimit = (__StackTop - SIZEOF (.stack_dummy))
                0x20040000                PROVIDE (__stack, __StackTop)
                0x00000001                ASSERT ((__StackLimit >= __HeapLimit), region RAM overflowed with stack)
                0x000001e8                DataInitFlashUsed = (__bss_start__ - __data_start__)
                0x00005100                CodeFlashUsed = (__etext - ORIGIN (FLASH))
                0x000052e8                TotalFlashUsed = (CodeFlashUsed + DataInitFlashUsed)
                0x00000001                ASSERT ((TotalFlashUsed <= LENGTH (FLASH)), region FLASH overflowed with .data and user data)
OUTPUT(_build/nrf52840_xxaa.out elf32-littlearm)

.ARM.attributes
                0x00000000       0x30
 .ARM.attributes
                0x00000000       0x22 c:/git_proj/nf52840_accelerometer_lis3dh/tools/gnu_tools/7_2017_q4_major/bin/../lib/gcc/arm-none-eabi/7.2.1/thumb/v7e-m/fpv4-sp/hard/crti.o
 .ARM.attributes
                0x00000022       0x34 c:/git_proj/nf52840_accelerometer_lis3dh/tools/gnu_tools/7_2017_q4_major/bin/../lib/gcc/arm-none-eabi/7.2.1/thumb/v7e-m/fpv4-sp/hard/crtbegin.o
 .ARM.attributes
                0x00000056       0x20 c:/git_proj/nf52840_accelerometer_lis3dh/tools/gnu_tools/7_2017_q4_major/bin/../lib/gcc/arm-none-eabi/7.2.1/../../../../arm-none-eabi/lib/thumb/v7e-m/fpv4-sp/hard/crt0.o
 .ARM.attributes
                0x00000076       0x20 _build/nrf52840_xxaa/gcc_startup_nrf52840.S.o
 .ARM.attributes
                0x00000096       0x39 _build/nrf52840_xxaa/nrf_log_backend_rtt.c.o
 .ARM.attributes
                0x000000cf       0x39 _build/nrf52840_xxaa/nrf_log_backend_serial.c.o
 .ARM.attributes
                0x00000108       0x39 _build/nrf52840_xxaa/nrf_log_default_backends.c.o
 .ARM.attributes
                0x00000141       0x39 _build/nrf52840_xxaa/nrf_log_frontend.c.o
 .ARM.attributes
                0x0000017a       0x39 _build/nrf52840_xxaa/nrf_log_str_formatter.c.o
 .ARM.attributes
                0x000001b3       0x39 _build/nrf52840_xxaa/app_error.c.o
 .ARM.attributes
                0x000001ec       0x39 _build/nrf52840_xxaa/app_error_weak.c.o
 .ARM.attributes
                0x00000225       0x39 _build/nrf52840_xxaa/app_util_platform.c.o
 .ARM.attributes
                0x0000025e       0x39 _build/nrf52840_xxaa/nrf_atomic.c.o
 .ARM.attributes
                0x00000297       0x39 _build/nrf52840_xxaa/nrf_balloc.c.o
 .ARM.attributes
                0x000002d0       0x39 _build/nrf52840_xxaa/nrf_fprintf.c.o
 .ARM.attributes
                0x00000309       0x39 _build/nrf52840_xxaa/nrf_fprintf_format.c.o
 .ARM.attributes
                0x00000342       0x39 _build/nrf52840_xxaa/nrf_memobj.c.o
 .ARM.attributes
                0x0000037b       0x39 _build/nrf52840_xxaa/nrf_ringbuf.c.o
 .ARM.attributes
                0x000003b4       0x39 _build/nrf52840_xxaa/nrf_drv_twi.c.o
 .ARM.attributes
                0x000003ed       0x39 _build/nrf52840_xxaa/nrfx_prs.c.o
 .ARM.attributes
                0x00000426       0x39 _build/nrf52840_xxaa/nrfx_twim.c.o
 .ARM.attributes
                0x0000045f       0x39 _build/nrf52840_xxaa/nrfx_uart.c.o
 .ARM.attributes
                0x00000498       0x39 _build/nrf52840_xxaa/nrfx_uarte.c.o
 .ARM.attributes
                0x000004d1       0x39 _build/nrf52840_xxaa/nrfx_clock.c.o
 .ARM.attributes
                0x0000050a       0x39 _build/nrf52840_xxaa/app_timer.c.o
 .ARM.attributes
                0x00000543       0x39 _build/nrf52840_xxaa/nrf_drv_clock.c.o
 .ARM.attributes
                0x0000057c       0x39 _build/nrf52840_xxaa/main.c.o
 .ARM.attributes
                0x000005b5       0x39 _build/nrf52840_xxaa/SEGGER_RTT.c.o
 .ARM.attributes
                0x000005ee       0x39 _build/nrf52840_xxaa/system_nrf52840.c.o
 .ARM.attributes
                0x00000627       0x34 c:/git_proj/nf52840_accelerometer_lis3dh/tools/gnu_tools/7_2017_q4_major/bin/../lib/gcc/arm-none-eabi/7.2.1/../../../../arm-none-eabi/lib/thumb/v7e-m/fpv4-sp/hard\libc_nano.a(lib_a-exit.o)
 .ARM.attributes
                0x0000065b       0x34 c:/git_proj/nf52840_accelerometer_lis3dh/tools/gnu_tools/7_2017_q4_major/bin/../lib/gcc/arm-none-eabi/7.2.1/../../../../arm-none-eabi/lib/thumb/v7e-m/fpv4-sp/hard\libc_nano.a(lib_a-impure.o)
 .ARM.attributes
                0x0000068f       0x34 c:/git_proj/nf52840_accelerometer_lis3dh/tools/gnu_tools/7_2017_q4_major/bin/../lib/gcc/arm-none-eabi/7.2.1/../../../../arm-none-eabi/lib/thumb/v7e-m/fpv4-sp/hard\libc_nano.a(lib_a-init.o)
 .ARM.attributes
                0x000006c3       0x34 c:/git_proj/nf52840_accelerometer_lis3dh/tools/gnu_tools/7_2017_q4_major/bin/../lib/gcc/arm-none-eabi/7.2.1/../../../../arm-none-eabi/lib/thumb/v7e-m/fpv4-sp/hard\libc_nano.a(lib_a-locale.o)
 .ARM.attributes
                0x000006f7       0x34 c:/git_proj/nf52840_accelerometer_lis3dh/tools/gnu_tools/7_2017_q4_major/bin/../lib/gcc/arm-none-eabi/7.2.1/../../../../arm-none-eabi/lib/thumb/v7e-m/fpv4-sp/hard\libc_nano.a(lib_a-mbtowc_r.o)
 .ARM.attributes
                0x0000072b       0x34 c:/git_proj/nf52840_accelerometer_lis3dh/tools/gnu_tools/7_2017_q4_major/bin/../lib/gcc/arm-none-eabi/7.2.1/../../../../arm-none-eabi/lib/thumb/v7e-m/fpv4-sp/hard\libc_nano.a(lib_a-memcpy-stub.o)
 .ARM.attributes
                0x0000075f       0x34 c:/git_proj/nf52840_accelerometer_lis3dh/tools/gnu_tools/7_2017_q4_major/bin/../lib/gcc/arm-none-eabi/7.2.1/../../../../arm-none-eabi/lib/thumb/v7e-m/fpv4-sp/hard\libc_nano.a(lib_a-memset.o)
 .ARM.attributes
                0x00000793       0x34 c:/git_proj/nf52840_accelerometer_lis3dh/tools/gnu_tools/7_2017_q4_major/bin/../lib/gcc/arm-none-eabi/7.2.1/../../../../arm-none-eabi/lib/thumb/v7e-m/fpv4-sp/hard\libc_nano.a(lib_a-strcpy.o)
 .ARM.attributes
                0x000007c7       0x1b c:/git_proj/nf52840_accelerometer_lis3dh/tools/gnu_tools/7_2017_q4_major/bin/../lib/gcc/arm-none-eabi/7.2.1/../../../../arm-none-eabi/lib/thumb/v7e-m/fpv4-sp/hard\libc_nano.a(lib_a-strlen.o)
 .ARM.attributes
                0x000007e2       0x34 c:/git_proj/nf52840_accelerometer_lis3dh/tools/gnu_tools/7_2017_q4_major/bin/../lib/gcc/arm-none-eabi/7.2.1/../../../../arm-none-eabi/lib/thumb/v7e-m/fpv4-sp/hard\libc_nano.a(lib_a-wctomb_r.o)
 .ARM.attributes
                0x00000816       0x34 c:/git_proj/nf52840_accelerometer_lis3dh/tools/gnu_tools/7_2017_q4_major/bin/../lib/gcc/arm-none-eabi/7.2.1/../../../../arm-none-eabi/lib/thumb/v7e-m/fpv4-sp/hard\libc_nano.a(lib_a-ctype_.o)
 .ARM.attributes
                0x0000084a       0x34 c:/git_proj/nf52840_accelerometer_lis3dh/tools/gnu_tools/7_2017_q4_major/bin/../lib/gcc/arm-none-eabi/7.2.1/../../../../arm-none-eabi/lib/thumb/v7e-m/fpv4-sp/hard\libnosys.a(_exit.o)
 .ARM.attributes
                0x0000087e       0x34 c:/git_proj/nf52840_accelerometer_lis3dh/tools/gnu_tools/7_2017_q4_major/bin/../lib/gcc/arm-none-eabi/7.2.1/../../../../arm-none-eabi/lib/thumb/v7e-m/fpv4-sp/hard\libm.a(lib_a-w_pow.o)
 .ARM.attributes
                0x000008b2       0x34 c:/git_proj/nf52840_accelerometer_lis3dh/tools/gnu_tools/7_2017_q4_major/bin/../lib/gcc/arm-none-eabi/7.2.1/../../../../arm-none-eabi/lib/thumb/v7e-m/fpv4-sp/hard\libm.a(lib_a-w_sqrt.o)
 .ARM.attributes
                0x000008e6       0x34 c:/git_proj/nf52840_accelerometer_lis3dh/tools/gnu_tools/7_2017_q4_major/bin/../lib/gcc/arm-none-eabi/7.2.1/../../../../arm-none-eabi/lib/thumb/v7e-m/fpv4-sp/hard\libm.a(lib_a-e_pow.o)
 .ARM.attributes
                0x0000091a       0x34 c:/git_proj/nf52840_accelerometer_lis3dh/tools/gnu_tools/7_2017_q4_major/bin/../lib/gcc/arm-none-eabi/7.2.1/../../../../arm-none-eabi/lib/thumb/v7e-m/fpv4-sp/hard\libm.a(lib_a-e_sqrt.o)
 .ARM.attributes
                0x0000094e       0x34 c:/git_proj/nf52840_accelerometer_lis3dh/tools/gnu_tools/7_2017_q4_major/bin/../lib/gcc/arm-none-eabi/7.2.1/../../../../arm-none-eabi/lib/thumb/v7e-m/fpv4-sp/hard\libm.a(lib_a-s_fabs.o)
 .ARM.attributes
                0x00000982       0x34 c:/git_proj/nf52840_accelerometer_lis3dh/tools/gnu_tools/7_2017_q4_major/bin/../lib/gcc/arm-none-eabi/7.2.1/../../../../arm-none-eabi/lib/thumb/v7e-m/fpv4-sp/hard\libm.a(lib_a-s_finite.o)
 .ARM.attributes
                0x000009b6       0x34 c:/git_proj/nf52840_accelerometer_lis3dh/tools/gnu_tools/7_2017_q4_major/bin/../lib/gcc/arm-none-eabi/7.2.1/../../../../arm-none-eabi/lib/thumb/v7e-m/fpv4-sp/hard\libm.a(lib_a-s_lib_ver.o)
 .ARM.attributes
                0x000009ea       0x34 c:/git_proj/nf52840_accelerometer_lis3dh/tools/gnu_tools/7_2017_q4_major/bin/../lib/gcc/arm-none-eabi/7.2.1/../../../../arm-none-eabi/lib/thumb/v7e-m/fpv4-sp/hard\libm.a(lib_a-s_matherr.o)
 .ARM.attributes
                0x00000a1e       0x34 c:/git_proj/nf52840_accelerometer_lis3dh/tools/gnu_tools/7_2017_q4_major/bin/../lib/gcc/arm-none-eabi/7.2.1/../../../../arm-none-eabi/lib/thumb/v7e-m/fpv4-sp/hard\libm.a(lib_a-s_nan.o)
 .ARM.attributes
                0x00000a52       0x34 c:/git_proj/nf52840_accelerometer_lis3dh/tools/gnu_tools/7_2017_q4_major/bin/../lib/gcc/arm-none-eabi/7.2.1/../../../../arm-none-eabi/lib/thumb/v7e-m/fpv4-sp/hard\libm.a(lib_a-s_rint.o)
 .ARM.attributes
                0x00000a86       0x34 c:/git_proj/nf52840_accelerometer_lis3dh/tools/gnu_tools/7_2017_q4_major/bin/../lib/gcc/arm-none-eabi/7.2.1/../../../../arm-none-eabi/lib/thumb/v7e-m/fpv4-sp/hard\libm.a(lib_a-s_scalbn.o)
 .ARM.attributes
                0x00000aba       0x34 c:/git_proj/nf52840_accelerometer_lis3dh/tools/gnu_tools/7_2017_q4_major/bin/../lib/gcc/arm-none-eabi/7.2.1/../../../../arm-none-eabi/lib/thumb/v7e-m/fpv4-sp/hard\libm.a(lib_a-s_copysign.o)
 .ARM.attributes
                0x00000aee       0x22 c:/git_proj/nf52840_accelerometer_lis3dh/tools/gnu_tools/7_2017_q4_major/bin/../lib/gcc/arm-none-eabi/7.2.1/thumb/v7e-m/fpv4-sp/hard\libgcc.a(_arm_addsubdf3.o)
 .ARM.attributes
                0x00000b10       0x22 c:/git_proj/nf52840_accelerometer_lis3dh/tools/gnu_tools/7_2017_q4_major/bin/../lib/gcc/arm-none-eabi/7.2.1/thumb/v7e-m/fpv4-sp/hard\libgcc.a(_arm_muldivdf3.o)
 .ARM.attributes
                0x00000b32       0x22 c:/git_proj/nf52840_accelerometer_lis3dh/tools/gnu_tools/7_2017_q4_major/bin/../lib/gcc/arm-none-eabi/7.2.1/thumb/v7e-m/fpv4-sp/hard\libgcc.a(_arm_cmpdf2.o)
 .ARM.attributes
                0x00000b54       0x22 c:/git_proj/nf52840_accelerometer_lis3dh/tools/gnu_tools/7_2017_q4_major/bin/../lib/gcc/arm-none-eabi/7.2.1/thumb/v7e-m/fpv4-sp/hard\libgcc.a(_arm_unorddf2.o)
 .ARM.attributes
                0x00000b76       0x22 c:/git_proj/nf52840_accelerometer_lis3dh/tools/gnu_tools/7_2017_q4_major/bin/../lib/gcc/arm-none-eabi/7.2.1/thumb/v7e-m/fpv4-sp/hard\libgcc.a(_arm_truncdfsf2.o)
 .ARM.attributes
                0x00000b98       0x34 c:/git_proj/nf52840_accelerometer_lis3dh/tools/gnu_tools/7_2017_q4_major/bin/../lib/gcc/arm-none-eabi/7.2.1/../../../../arm-none-eabi/lib/thumb/v7e-m/fpv4-sp/hard\libg_nano.a(lib_a-errno.o)
 .ARM.attributes
                0x00000bcc       0x34 c:/git_proj/nf52840_accelerometer_lis3dh/tools/gnu_tools/7_2017_q4_major/bin/../lib/gcc/arm-none-eabi/7.2.1/thumb/v7e-m/fpv4-sp/hard/crtend.o
 .ARM.attributes
                0x00000c00       0x22 c:/git_proj/nf52840_accelerometer_lis3dh/tools/gnu_tools/7_2017_q4_major/bin/../lib/gcc/arm-none-eabi/7.2.1/thumb/v7e-m/fpv4-sp/hard/crtn.o

.comment        0x00000000       0x7e
 .comment       0x00000000       0x7e _build/nrf52840_xxaa/nrf_log_backend_rtt.c.o
                                 0x7f (size before relaxing)
 .comment       0x0000007e       0x7f _build/nrf52840_xxaa/nrf_log_backend_serial.c.o
 .comment       0x0000007e       0x7f _build/nrf52840_xxaa/nrf_log_default_backends.c.o
 .comment       0x0000007e       0x7f _build/nrf52840_xxaa/nrf_log_frontend.c.o
 .comment       0x0000007e       0x7f _build/nrf52840_xxaa/nrf_log_str_formatter.c.o
 .comment       0x0000007e       0x7f _build/nrf52840_xxaa/app_error.c.o
 .comment       0x0000007e       0x7f _build/nrf52840_xxaa/app_error_weak.c.o
 .comment       0x0000007e       0x7f _build/nrf52840_xxaa/app_util_platform.c.o
 .comment       0x0000007e       0x7f _build/nrf52840_xxaa/nrf_atomic.c.o
 .comment       0x0000007e       0x7f _build/nrf52840_xxaa/nrf_balloc.c.o
 .comment       0x0000007e       0x7f _build/nrf52840_xxaa/nrf_fprintf.c.o
 .comment       0x0000007e       0x7f _build/nrf52840_xxaa/nrf_fprintf_format.c.o
 .comment       0x0000007e       0x7f _build/nrf52840_xxaa/nrf_memobj.c.o
 .comment       0x0000007e       0x7f _build/nrf52840_xxaa/nrf_ringbuf.c.o
 .comment       0x0000007e       0x7f _build/nrf52840_xxaa/nrf_drv_twi.c.o
 .comment       0x0000007e       0x7f _build/nrf52840_xxaa/nrfx_prs.c.o
 .comment       0x0000007e       0x7f _build/nrf52840_xxaa/nrfx_twim.c.o
 .comment       0x0000007e       0x7f _build/nrf52840_xxaa/nrfx_uart.c.o
 .comment       0x0000007e       0x7f _build/nrf52840_xxaa/nrfx_uarte.c.o
 .comment       0x0000007e       0x7f _build/nrf52840_xxaa/nrfx_clock.c.o
 .comment       0x0000007e       0x7f _build/nrf52840_xxaa/app_timer.c.o
 .comment       0x0000007e       0x7f _build/nrf52840_xxaa/nrf_drv_clock.c.o
 .comment       0x0000007e       0x7f _build/nrf52840_xxaa/main.c.o
 .comment       0x0000007e       0x7f _build/nrf52840_xxaa/SEGGER_RTT.c.o
 .comment       0x0000007e       0x7f _build/nrf52840_xxaa/system_nrf52840.c.o

.debug_line     0x00000000    0x100cc
 .debug_line    0x00000000       0x92 _build/nrf52840_xxaa/gcc_startup_nrf52840.S.o
 .debug_line    0x00000092      0xb08 _build/nrf52840_xxaa/nrf_log_backend_rtt.c.o
 .debug_line    0x00000b9a      0x882 _build/nrf52840_xxaa/nrf_log_backend_serial.c.o
 .debug_line    0x0000141c      0x7f4 _build/nrf52840_xxaa/nrf_log_default_backends.c.o
 .debug_line    0x00001c10      0xf3f _build/nrf52840_xxaa/nrf_log_frontend.c.o
 .debug_line    0x00002b4f      0x8f5 _build/nrf52840_xxaa/nrf_log_str_formatter.c.o
 .debug_line    0x00003444      0x55b _build/nrf52840_xxaa/app_error.c.o
 .debug_line    0x0000399f      0x855 _build/nrf52840_xxaa/app_error_weak.c.o
 .debug_line    0x000041f4      0x5fa _build/nrf52840_xxaa/app_util_platform.c.o
 .debug_line    0x000047ee      0x715 _build/nrf52840_xxaa/nrf_atomic.c.o
 .debug_line    0x00004f03      0x7c2 _build/nrf52840_xxaa/nrf_balloc.c.o
 .debug_line    0x000056c5      0x5ae _build/nrf52840_xxaa/nrf_fprintf.c.o
 .debug_line    0x00005c73      0x7be _build/nrf52840_xxaa/nrf_fprintf_format.c.o
 .debug_line    0x00006431      0x8a6 _build/nrf52840_xxaa/nrf_memobj.c.o
 .debug_line    0x00006cd7      0x74a _build/nrf52840_xxaa/nrf_ringbuf.c.o
 .debug_line    0x00007421      0x99d _build/nrf52840_xxaa/nrf_drv_twi.c.o
 .debug_line    0x00007dbe      0x96f _build/nrf52840_xxaa/nrfx_prs.c.o
 .debug_line    0x0000872d     0x11fa _build/nrf52840_xxaa/nrfx_twim.c.o
 .debug_line    0x00009927     0x10be _build/nrf52840_xxaa/nrfx_uart.c.o
 .debug_line    0x0000a9e5      0xfe6 _build/nrf52840_xxaa/nrfx_uarte.c.o
 .debug_line    0x0000b9cb      0xbe3 _build/nrf52840_xxaa/nrfx_clock.c.o
 .debug_line    0x0000c5ae      0xcf2 _build/nrf52840_xxaa/app_timer.c.o
 .debug_line    0x0000d2a0      0xb2a _build/nrf52840_xxaa/nrf_drv_clock.c.o
 .debug_line    0x0000ddca      0xd54 _build/nrf52840_xxaa/main.c.o
 .debug_line    0x0000eb1e     0x115f _build/nrf52840_xxaa/SEGGER_RTT.c.o
 .debug_line    0x0000fc7d      0x44f _build/nrf52840_xxaa/system_nrf52840.c.o

.debug_info     0x00000000    0x2998a
 .debug_info    0x00000000       0x26 _build/nrf52840_xxaa/gcc_startup_nrf52840.S.o
 .debug_info    0x00000026     0x101c _build/nrf52840_xxaa/nrf_log_backend_rtt.c.o
 .debug_info    0x00001042     0x10d4 _build/nrf52840_xxaa/nrf_log_backend_serial.c.o
 .debug_info    0x00002116      0xc7b _build/nrf52840_xxaa/nrf_log_default_backends.c.o
 .debug_info    0x00002d91     0x3848 _build/nrf52840_xxaa/nrf_log_frontend.c.o
 .debug_info    0x000065d9     0x132f _build/nrf52840_xxaa/nrf_log_str_formatter.c.o
 .debug_info    0x00007908      0xaeb _build/nrf52840_xxaa/app_error.c.o
 .debug_info    0x000083f3      0xecd _build/nrf52840_xxaa/app_error_weak.c.o
 .debug_info    0x000092c0      0xfca _build/nrf52840_xxaa/app_util_platform.c.o
 .debug_info    0x0000a28a     0x122a _build/nrf52840_xxaa/nrf_atomic.c.o
 .debug_info    0x0000b4b4      0xd20 _build/nrf52840_xxaa/nrf_balloc.c.o
 .debug_info    0x0000c1d4      0xaa8 _build/nrf52840_xxaa/nrf_fprintf.c.o
 .debug_info    0x0000cc7c     0x1339 _build/nrf52840_xxaa/nrf_fprintf_format.c.o
 .debug_info    0x0000dfb5     0x1320 _build/nrf52840_xxaa/nrf_memobj.c.o
 .debug_info    0x0000f2d5      0xdee _build/nrf52840_xxaa/nrf_ringbuf.c.o
 .debug_info    0x000100c3     0x1cf8 _build/nrf52840_xxaa/nrf_drv_twi.c.o
 .debug_info    0x00011dbb     0x1080 _build/nrf52840_xxaa/nrfx_prs.c.o
 .debug_info    0x00012e3b     0x3b2f _build/nrf52840_xxaa/nrfx_twim.c.o
 .debug_info    0x0001696a     0x3948 _build/nrf52840_xxaa/nrfx_uart.c.o
 .debug_info    0x0001a2b2     0x365a _build/nrf52840_xxaa/nrfx_uarte.c.o
 .debug_info    0x0001d90c     0x1a3a _build/nrf52840_xxaa/nrfx_clock.c.o
 .debug_info    0x0001f346     0x23ad _build/nrf52840_xxaa/app_timer.c.o
 .debug_info    0x000216f3     0x1592 _build/nrf52840_xxaa/nrf_drv_clock.c.o
 .debug_info    0x00022c85     0x27bb _build/nrf52840_xxaa/main.c.o
 .debug_info    0x00025440     0x31e0 _build/nrf52840_xxaa/SEGGER_RTT.c.o
 .debug_info    0x00028620     0x136a _build/nrf52840_xxaa/system_nrf52840.c.o

.debug_abbrev   0x00000000     0x5734
 .debug_abbrev  0x00000000       0x14 _build/nrf52840_xxaa/gcc_startup_nrf52840.S.o
 .debug_abbrev  0x00000014      0x32a _build/nrf52840_xxaa/nrf_log_backend_rtt.c.o
 .debug_abbrev  0x0000033e      0x27f _build/nrf52840_xxaa/nrf_log_backend_serial.c.o
 .debug_abbrev  0x000005bd      0x256 _build/nrf52840_xxaa/nrf_log_default_backends.c.o
 .debug_abbrev  0x00000813      0x598 _build/nrf52840_xxaa/nrf_log_frontend.c.o
 .debug_abbrev  0x00000dab      0x2ba _build/nrf52840_xxaa/nrf_log_str_formatter.c.o
 .debug_abbrev  0x00001065      0x235 _build/nrf52840_xxaa/app_error.c.o
 .debug_abbrev  0x0000129a      0x298 _build/nrf52840_xxaa/app_error_weak.c.o
 .debug_abbrev  0x00001532      0x326 _build/nrf52840_xxaa/app_util_platform.c.o
 .debug_abbrev  0x00001858      0x31f _build/nrf52840_xxaa/nrf_atomic.c.o
 .debug_abbrev  0x00001b77      0x2f1 _build/nrf52840_xxaa/nrf_balloc.c.o
 .debug_abbrev  0x00001e68      0x239 _build/nrf52840_xxaa/nrf_fprintf.c.o
 .debug_abbrev  0x000020a1      0x347 _build/nrf52840_xxaa/nrf_fprintf_format.c.o
 .debug_abbrev  0x000023e8      0x350 _build/nrf52840_xxaa/nrf_memobj.c.o
 .debug_abbrev  0x00002738      0x265 _build/nrf52840_xxaa/nrf_ringbuf.c.o
 .debug_abbrev  0x0000299d      0x3f4 _build/nrf52840_xxaa/nrf_drv_twi.c.o
 .debug_abbrev  0x00002d91      0x305 _build/nrf52840_xxaa/nrfx_prs.c.o
 .debug_abbrev  0x00003096      0x4fc _build/nrf52840_xxaa/nrfx_twim.c.o
 .debug_abbrev  0x00003592      0x4fe _build/nrf52840_xxaa/nrfx_uart.c.o
 .debug_abbrev  0x00003a90      0x4c8 _build/nrf52840_xxaa/nrfx_uarte.c.o
 .debug_abbrev  0x00003f58      0x4bb _build/nrf52840_xxaa/nrfx_clock.c.o
 .debug_abbrev  0x00004413      0x494 _build/nrf52840_xxaa/app_timer.c.o
 .debug_abbrev  0x000048a7      0x4b0 _build/nrf52840_xxaa/nrf_drv_clock.c.o
 .debug_abbrev  0x00004d57      0x46c _build/nrf52840_xxaa/main.c.o
 .debug_abbrev  0x000051c3      0x386 _build/nrf52840_xxaa/SEGGER_RTT.c.o
 .debug_abbrev  0x00005549      0x1eb _build/nrf52840_xxaa/system_nrf52840.c.o

.debug_aranges  0x00000000      0x830
 .debug_aranges
                0x00000000       0x20 _build/nrf52840_xxaa/gcc_startup_nrf52840.S.o
 .debug_aranges
                0x00000020       0x38 _build/nrf52840_xxaa/nrf_log_backend_rtt.c.o
 .debug_aranges
                0x00000058       0x20 _build/nrf52840_xxaa/nrf_log_backend_serial.c.o
 .debug_aranges
                0x00000078       0x20 _build/nrf52840_xxaa/nrf_log_default_backends.c.o
 .debug_aranges
                0x00000098       0xc8 _build/nrf52840_xxaa/nrf_log_frontend.c.o
 .debug_aranges
                0x00000160       0x30 _build/nrf52840_xxaa/nrf_log_str_formatter.c.o
 .debug_aranges
                0x00000190       0x28 _build/nrf52840_xxaa/app_error.c.o
 .debug_aranges
                0x000001b8       0x20 _build/nrf52840_xxaa/app_error_weak.c.o
 .debug_aranges
                0x000001d8       0x48 _build/nrf52840_xxaa/app_util_platform.c.o
 .debug_aranges
                0x00000220       0xb0 _build/nrf52840_xxaa/nrf_atomic.c.o
 .debug_aranges
                0x000002d0       0x30 _build/nrf52840_xxaa/nrf_balloc.c.o
 .debug_aranges
                0x00000300       0x28 _build/nrf52840_xxaa/nrf_fprintf.c.o
 .debug_aranges
                0x00000328       0x28 _build/nrf52840_xxaa/nrf_fprintf_format.c.o
 .debug_aranges
                0x00000350       0x50 _build/nrf52840_xxaa/nrf_memobj.c.o
 .debug_aranges
                0x000003a0       0x50 _build/nrf52840_xxaa/nrf_ringbuf.c.o
 .debug_aranges
                0x000003f0       0x28 _build/nrf52840_xxaa/nrf_drv_twi.c.o
 .debug_aranges
                0x00000418       0x30 _build/nrf52840_xxaa/nrfx_prs.c.o
 .debug_aranges
                0x00000448       0x70 _build/nrf52840_xxaa/nrfx_twim.c.o
 .debug_aranges
                0x000004b8       0x78 _build/nrf52840_xxaa/nrfx_uart.c.o
 .debug_aranges
                0x00000530       0x68 _build/nrf52840_xxaa/nrfx_uarte.c.o
 .debug_aranges
                0x00000598       0x78 _build/nrf52840_xxaa/nrfx_clock.c.o
 .debug_aranges
                0x00000610       0x70 _build/nrf52840_xxaa/app_timer.c.o
 .debug_aranges
                0x00000680       0x80 _build/nrf52840_xxaa/nrf_drv_clock.c.o
 .debug_aranges
                0x00000700       0x28 _build/nrf52840_xxaa/main.c.o
 .debug_aranges
                0x00000728       0xe0 _build/nrf52840_xxaa/SEGGER_RTT.c.o
 .debug_aranges
                0x00000808       0x28 _build/nrf52840_xxaa/system_nrf52840.c.o

.debug_str      0x00000000    0x94aa9
 .debug_str     0x00000000       0x82 _build/nrf52840_xxaa/gcc_startup_nrf52840.S.o
 .debug_str     0x00000082    0x88ac9 _build/nrf52840_xxaa/nrf_log_backend_rtt.c.o
                              0x8a008 (size before relaxing)
 .debug_str     0x00088b4b      0x232 _build/nrf52840_xxaa/nrf_log_backend_serial.c.o
                              0x86365 (size before relaxing)
 .debug_str     0x00088d7d      0x124 _build/nrf52840_xxaa/nrf_log_default_backends.c.o
                              0x86115 (size before relaxing)
 .debug_str     0x00088ea1     0x1383 _build/nrf52840_xxaa/nrf_log_frontend.c.o
                              0x875c7 (size before relaxing)
 .debug_str     0x0008a224      0x6ad _build/nrf52840_xxaa/nrf_log_str_formatter.c.o
                              0x8687d (size before relaxing)
 .debug_str     0x0008a8d1      0x114 _build/nrf52840_xxaa/app_error.c.o
                              0x77f98 (size before relaxing)
 .debug_str     0x0008a9e5       0xe2 _build/nrf52840_xxaa/app_error_weak.c.o
                              0x867e5 (size before relaxing)
 .debug_str     0x0008aac7      0x41d _build/nrf52840_xxaa/app_util_platform.c.o
                              0x787cf (size before relaxing)
 .debug_str     0x0008aee4      0x6c2 _build/nrf52840_xxaa/nrf_atomic.c.o
                              0x821c8 (size before relaxing)
 .debug_str     0x0008b5a6      0x16d _build/nrf52840_xxaa/nrf_balloc.c.o
                              0x8610a (size before relaxing)
 .debug_str     0x0008b713      0x14d _build/nrf52840_xxaa/nrf_fprintf.c.o
                              0x81e21 (size before relaxing)
 .debug_str     0x0008b860      0x126 _build/nrf52840_xxaa/nrf_fprintf_format.c.o
                              0x81f16 (size before relaxing)
 .debug_str     0x0008b986      0x1b5 _build/nrf52840_xxaa/nrf_memobj.c.o
                              0x844ce (size before relaxing)
 .debug_str     0x0008bb3b       0xe5 _build/nrf52840_xxaa/nrf_ringbuf.c.o
                              0x82bcd (size before relaxing)
 .debug_str     0x0008bc20     0x1be4 _build/nrf52840_xxaa/nrf_drv_twi.c.o
                              0x875cd (size before relaxing)
 .debug_str     0x0008d804      0x715 _build/nrf52840_xxaa/nrfx_prs.c.o
                              0x88f74 (size before relaxing)
 .debug_str     0x0008df19     0x10e8 _build/nrf52840_xxaa/nrfx_twim.c.o
                              0x8a9d8 (size before relaxing)
 .debug_str     0x0008f001      0xd10 _build/nrf52840_xxaa/nrfx_uart.c.o
                              0x8a15c (size before relaxing)
 .debug_str     0x0008fd11      0xf66 _build/nrf52840_xxaa/nrfx_uarte.c.o
                              0x8a5fc (size before relaxing)
 .debug_str     0x00090c77      0x975 _build/nrf52840_xxaa/nrfx_clock.c.o
                              0x89802 (size before relaxing)
 .debug_str     0x000915ec      0xb42 _build/nrf52840_xxaa/app_timer.c.o
                              0x86ed8 (size before relaxing)
 .debug_str     0x0009212e      0x475 _build/nrf52840_xxaa/nrf_drv_clock.c.o
                              0x8919f (size before relaxing)
 .debug_str     0x000925a3     0x1b6b _build/nrf52840_xxaa/main.c.o
                              0x8d45a (size before relaxing)
 .debug_str     0x0009410e      0x52a _build/nrf52840_xxaa/SEGGER_RTT.c.o
                              0x7b7f0 (size before relaxing)
 .debug_str     0x00094638      0x471 _build/nrf52840_xxaa/system_nrf52840.c.o
                              0x73b25 (size before relaxing)

.debug_loc      0x00000000    0x10c83
 .debug_loc     0x00000000      0x1e2 _build/nrf52840_xxaa/nrf_log_backend_rtt.c.o
 .debug_loc     0x000001e2      0x160 _build/nrf52840_xxaa/nrf_log_backend_serial.c.o
 .debug_loc     0x00000342       0x15 _build/nrf52840_xxaa/nrf_log_default_backends.c.o
 .debug_loc     0x00000357     0x27e7 _build/nrf52840_xxaa/nrf_log_frontend.c.o
 .debug_loc     0x00002b3e      0x42f _build/nrf52840_xxaa/nrf_log_str_formatter.c.o
 .debug_loc     0x00002f6d       0xca _build/nrf52840_xxaa/app_error.c.o
 .debug_loc     0x00003037       0x63 _build/nrf52840_xxaa/app_error_weak.c.o
 .debug_loc     0x0000309a       0xc3 _build/nrf52840_xxaa/app_util_platform.c.o
 .debug_loc     0x0000315d      0x35c _build/nrf52840_xxaa/nrf_atomic.c.o
 .debug_loc     0x000034b9      0x21b _build/nrf52840_xxaa/nrf_balloc.c.o
 .debug_loc     0x000036d4       0x4a _build/nrf52840_xxaa/nrf_fprintf.c.o
 .debug_loc     0x0000371e     0x1169 _build/nrf52840_xxaa/nrf_fprintf_format.c.o
 .debug_loc     0x00004887      0xb27 _build/nrf52840_xxaa/nrf_memobj.c.o
 .debug_loc     0x000053ae      0x5d5 _build/nrf52840_xxaa/nrf_ringbuf.c.o
 .debug_loc     0x00005983      0x50f _build/nrf52840_xxaa/nrf_drv_twi.c.o
 .debug_loc     0x00005e92       0xc6 _build/nrf52840_xxaa/nrfx_prs.c.o
 .debug_loc     0x00005f58     0x20c0 _build/nrf52840_xxaa/nrfx_twim.c.o
 .debug_loc     0x00008018     0x1a55 _build/nrf52840_xxaa/nrfx_uart.c.o
 .debug_loc     0x00009a6d     0x1572 _build/nrf52840_xxaa/nrfx_uarte.c.o
 .debug_loc     0x0000afdf      0x1bc _build/nrf52840_xxaa/nrfx_clock.c.o
 .debug_loc     0x0000b19b      0xeeb _build/nrf52840_xxaa/app_timer.c.o
 .debug_loc     0x0000c086      0x2b5 _build/nrf52840_xxaa/nrf_drv_clock.c.o
 .debug_loc     0x0000c33b      0x7a6 _build/nrf52840_xxaa/main.c.o
 .debug_loc     0x0000cae1     0x41a2 _build/nrf52840_xxaa/SEGGER_RTT.c.o

.debug_ranges   0x00000000     0x3038
 .debug_ranges  0x00000000       0x60 _build/nrf52840_xxaa/nrf_log_backend_rtt.c.o
 .debug_ranges  0x00000060       0x28 _build/nrf52840_xxaa/nrf_log_backend_serial.c.o
 .debug_ranges  0x00000088       0x10 _build/nrf52840_xxaa/nrf_log_default_backends.c.o
 .debug_ranges  0x00000098      0x860 _build/nrf52840_xxaa/nrf_log_frontend.c.o
 .debug_ranges  0x000008f8       0xb8 _build/nrf52840_xxaa/nrf_log_str_formatter.c.o
 .debug_ranges  0x000009b0       0x18 _build/nrf52840_xxaa/app_error.c.o
 .debug_ranges  0x000009c8       0x10 _build/nrf52840_xxaa/app_error_weak.c.o
 .debug_ranges  0x000009d8       0x50 _build/nrf52840_xxaa/app_util_platform.c.o
 .debug_ranges  0x00000a28       0xb8 _build/nrf52840_xxaa/nrf_atomic.c.o
 .debug_ranges  0x00000ae0       0x38 _build/nrf52840_xxaa/nrf_balloc.c.o
 .debug_ranges  0x00000b18       0x18 _build/nrf52840_xxaa/nrf_fprintf.c.o
 .debug_ranges  0x00000b30      0x310 _build/nrf52840_xxaa/nrf_fprintf_format.c.o
 .debug_ranges  0x00000e40       0xb0 _build/nrf52840_xxaa/nrf_memobj.c.o
 .debug_ranges  0x00000ef0       0x40 _build/nrf52840_xxaa/nrf_ringbuf.c.o
 .debug_ranges  0x00000f30      0x170 _build/nrf52840_xxaa/nrf_drv_twi.c.o
 .debug_ranges  0x000010a0       0x38 _build/nrf52840_xxaa/nrfx_prs.c.o
 .debug_ranges  0x000010d8      0x640 _build/nrf52840_xxaa/nrfx_twim.c.o
 .debug_ranges  0x00001718      0x4e8 _build/nrf52840_xxaa/nrfx_uart.c.o
 .debug_ranges  0x00001c00      0x458 _build/nrf52840_xxaa/nrfx_uarte.c.o
 .debug_ranges  0x00002058      0x1b8 _build/nrf52840_xxaa/nrfx_clock.c.o
 .debug_ranges  0x00002210      0x498 _build/nrf52840_xxaa/app_timer.c.o
 .debug_ranges  0x000026a8       0xf0 _build/nrf52840_xxaa/nrf_drv_clock.c.o
 .debug_ranges  0x00002798      0x2a8 _build/nrf52840_xxaa/main.c.o
 .debug_ranges  0x00002a40      0x5b8 _build/nrf52840_xxaa/SEGGER_RTT.c.o
 .debug_ranges  0x00002ff8       0x40 _build/nrf52840_xxaa/system_nrf52840.c.o

.debug_macro    0x00000000    0x1c854
 .debug_macro   0x00000000      0x454 _build/nrf52840_xxaa/nrf_log_backend_rtt.c.o
 .debug_macro   0x00000454      0xa6c _build/nrf52840_xxaa/nrf_log_backend_rtt.c.o
 .debug_macro   0x00000ec0       0x22 _build/nrf52840_xxaa/nrf_log_backend_rtt.c.o
 .debug_macro   0x00000ee2       0x4f _build/nrf52840_xxaa/nrf_log_backend_rtt.c.o
 .debug_macro   0x00000f31       0x51 _build/nrf52840_xxaa/nrf_log_backend_rtt.c.o
 .debug_macro   0x00000f82       0xef _build/nrf52840_xxaa/nrf_log_backend_rtt.c.o
 .debug_macro   0x00001071       0x6a _build/nrf52840_xxaa/nrf_log_backend_rtt.c.o
 .debug_macro   0x000010db      0x1df _build/nrf52840_xxaa/nrf_log_backend_rtt.c.o
 .debug_macro   0x000012ba       0x22 _build/nrf52840_xxaa/nrf_log_backend_rtt.c.o
 .debug_macro   0x000012dc       0x58 _build/nrf52840_xxaa/nrf_log_backend_rtt.c.o
 .debug_macro   0x00001334       0x17 _build/nrf52840_xxaa/nrf_log_backend_rtt.c.o
 .debug_macro   0x0000134b       0x35 _build/nrf52840_xxaa/nrf_log_backend_rtt.c.o
 .debug_macro   0x00001380       0x9c _build/nrf52840_xxaa/nrf_log_backend_rtt.c.o
 .debug_macro   0x0000141c      0x16d _build/nrf52840_xxaa/nrf_log_backend_rtt.c.o
 .debug_macro   0x00001589       0x58 _build/nrf52840_xxaa/nrf_log_backend_rtt.c.o
 .debug_macro   0x000015e1       0x1f _build/nrf52840_xxaa/nrf_log_backend_rtt.c.o
 .debug_macro   0x00001600       0x43 _build/nrf52840_xxaa/nrf_log_backend_rtt.c.o
 .debug_macro   0x00001643       0x20 _build/nrf52840_xxaa/nrf_log_backend_rtt.c.o
 .debug_macro   0x00001663      0x18e _build/nrf52840_xxaa/nrf_log_backend_rtt.c.o
 .debug_macro   0x000017f1      0x353 _build/nrf52840_xxaa/nrf_log_backend_rtt.c.o
 .debug_macro   0x00001b44       0x10 _build/nrf52840_xxaa/nrf_log_backend_rtt.c.o
 .debug_macro   0x00001b54       0x35 _build/nrf52840_xxaa/nrf_log_backend_rtt.c.o
 .debug_macro   0x00001b89      0x977 _build/nrf52840_xxaa/nrf_log_backend_rtt.c.o
 .debug_macro   0x00002500      0x16d _build/nrf52840_xxaa/nrf_log_backend_rtt.c.o
 .debug_macro   0x0000266d       0x32 _build/nrf52840_xxaa/nrf_log_backend_rtt.c.o
 .debug_macro   0x0000269f       0x22 _build/nrf52840_xxaa/nrf_log_backend_rtt.c.o
 .debug_macro   0x000026c1       0x8e _build/nrf52840_xxaa/nrf_log_backend_rtt.c.o
 .debug_macro   0x0000274f       0xa7 _build/nrf52840_xxaa/nrf_log_backend_rtt.c.o
 .debug_macro   0x000027f6       0x22 _build/nrf52840_xxaa/nrf_log_backend_rtt.c.o
 .debug_macro   0x00002818       0x3b _build/nrf52840_xxaa/nrf_log_backend_rtt.c.o
 .debug_macro   0x00002853       0x3b _build/nrf52840_xxaa/nrf_log_backend_rtt.c.o
 .debug_macro   0x0000288e       0x50 _build/nrf52840_xxaa/nrf_log_backend_rtt.c.o
 .debug_macro   0x000028de      0xe66 _build/nrf52840_xxaa/nrf_log_backend_rtt.c.o
 .debug_macro   0x00003744      0x402 _build/nrf52840_xxaa/nrf_log_backend_rtt.c.o
 .debug_macro   0x00003b46    0x10c7a _build/nrf52840_xxaa/nrf_log_backend_rtt.c.o
 .debug_macro   0x000147c0      0xa65 _build/nrf52840_xxaa/nrf_log_backend_rtt.c.o
 .debug_macro   0x00015225       0x96 _build/nrf52840_xxaa/nrf_log_backend_rtt.c.o
 .debug_macro   0x000152bb      0x7bc _build/nrf52840_xxaa/nrf_log_backend_rtt.c.o
 .debug_macro   0x00015a77       0x16 _build/nrf52840_xxaa/nrf_log_backend_rtt.c.o
 .debug_macro   0x00015a8d       0x4e _build/nrf52840_xxaa/nrf_log_backend_rtt.c.o
 .debug_macro   0x00015adb       0x16 _build/nrf52840_xxaa/nrf_log_backend_rtt.c.o
 .debug_macro   0x00015af1       0x22 _build/nrf52840_xxaa/nrf_log_backend_rtt.c.o
 .debug_macro   0x00015b13       0x1c _build/nrf52840_xxaa/nrf_log_backend_rtt.c.o
 .debug_macro   0x00015b2f       0x10 _build/nrf52840_xxaa/nrf_log_backend_rtt.c.o
 .debug_macro   0x00015b3f       0x10 _build/nrf52840_xxaa/nrf_log_backend_rtt.c.o
 .debug_macro   0x00015b4f       0xb6 _build/nrf52840_xxaa/nrf_log_backend_rtt.c.o
 .debug_macro   0x00015c05       0x16 _build/nrf52840_xxaa/nrf_log_backend_rtt.c.o
 .debug_macro   0x00015c1b      0x129 _build/nrf52840_xxaa/nrf_log_backend_rtt.c.o
 .debug_macro   0x00015d44       0x49 _build/nrf52840_xxaa/nrf_log_backend_rtt.c.o
 .debug_macro   0x00015d8d       0x8c _build/nrf52840_xxaa/nrf_log_backend_rtt.c.o
 .debug_macro   0x00015e19       0x31 _build/nrf52840_xxaa/nrf_log_backend_rtt.c.o
 .debug_macro   0x00015e4a       0x55 _build/nrf52840_xxaa/nrf_log_backend_rtt.c.o
 .debug_macro   0x00015e9f       0x98 _build/nrf52840_xxaa/nrf_log_backend_rtt.c.o
 .debug_macro   0x00015f37       0x10 _build/nrf52840_xxaa/nrf_log_backend_rtt.c.o
 .debug_macro   0x00015f47       0x1d _build/nrf52840_xxaa/nrf_log_backend_rtt.c.o
 .debug_macro   0x00015f64       0x2e _build/nrf52840_xxaa/nrf_log_backend_rtt.c.o
 .debug_macro   0x00015f92       0x1c _build/nrf52840_xxaa/nrf_log_backend_rtt.c.o
 .debug_macro   0x00015fae      0x185 _build/nrf52840_xxaa/nrf_log_backend_rtt.c.o
 .debug_macro   0x00016133      0x429 _build/nrf52840_xxaa/nrf_log_backend_rtt.c.o
 .debug_macro   0x0001655c       0x52 _build/nrf52840_xxaa/nrf_log_backend_rtt.c.o
 .debug_macro   0x000165ae      0x2b1 _build/nrf52840_xxaa/nrf_log_backend_rtt.c.o
 .debug_macro   0x0001685f      0x148 _build/nrf52840_xxaa/nrf_log_backend_rtt.c.o
 .debug_macro   0x000169a7       0x5a _build/nrf52840_xxaa/nrf_log_backend_rtt.c.o
 .debug_macro   0x00016a01       0x1d _build/nrf52840_xxaa/nrf_log_backend_rtt.c.o
 .debug_macro   0x00016a1e       0xac _build/nrf52840_xxaa/nrf_log_backend_rtt.c.o
 .debug_macro   0x00016aca       0x64 _build/nrf52840_xxaa/nrf_log_backend_rtt.c.o
 .debug_macro   0x00016b2e       0x20 _build/nrf52840_xxaa/nrf_log_backend_rtt.c.o
 .debug_macro   0x00016b4e       0x4d _build/nrf52840_xxaa/nrf_log_backend_rtt.c.o
 .debug_macro   0x00016b9b      0x115 _build/nrf52840_xxaa/nrf_log_backend_rtt.c.o
 .debug_macro   0x00016cb0      0x371 _build/nrf52840_xxaa/nrf_log_backend_serial.c.o
 .debug_macro   0x00017021      0x362 _build/nrf52840_xxaa/nrf_log_default_backends.c.o
 .debug_macro   0x00017383       0x10 _build/nrf52840_xxaa/nrf_log_default_backends.c.o
 .debug_macro   0x00017393      0x3e3 _build/nrf52840_xxaa/nrf_log_frontend.c.o
 .debug_macro   0x00017776       0x16 _build/nrf52840_xxaa/nrf_log_frontend.c.o
 .debug_macro   0x0001778c       0x9a _build/nrf52840_xxaa/nrf_log_frontend.c.o
 .debug_macro   0x00017826       0x9e _build/nrf52840_xxaa/nrf_log_frontend.c.o
 .debug_macro   0x000178c4      0x3b3 _build/nrf52840_xxaa/nrf_log_str_formatter.c.o
 .debug_macro   0x00017c77       0x9c _build/nrf52840_xxaa/nrf_log_str_formatter.c.o
 .debug_macro   0x00017d13      0x21f _build/nrf52840_xxaa/app_error.c.o
 .debug_macro   0x00017f32       0x35 _build/nrf52840_xxaa/app_error.c.o
 .debug_macro   0x00017f67       0x97 _build/nrf52840_xxaa/app_error.c.o
 .debug_macro   0x00017ffe       0xf6 _build/nrf52840_xxaa/app_error.c.o
 .debug_macro   0x000180f4      0x361 _build/nrf52840_xxaa/app_error_weak.c.o
 .debug_macro   0x00018455       0x16 _build/nrf52840_xxaa/app_error_weak.c.o
 .debug_macro   0x0001846b       0x92 _build/nrf52840_xxaa/app_error_weak.c.o
 .debug_macro   0x000184fd      0x235 _build/nrf52840_xxaa/app_util_platform.c.o
 .debug_macro   0x00018732      0x223 _build/nrf52840_xxaa/nrf_atomic.c.o
 .debug_macro   0x00018955       0x42 _build/nrf52840_xxaa/nrf_atomic.c.o
 .debug_macro   0x00018997      0x326 _build/nrf52840_xxaa/nrf_balloc.c.o
 .debug_macro   0x00018cbd       0x10 _build/nrf52840_xxaa/nrf_balloc.c.o
 .debug_macro   0x00018ccd      0x22f _build/nrf52840_xxaa/nrf_fprintf.c.o
 .debug_macro   0x00018efc       0x58 _build/nrf52840_xxaa/nrf_fprintf.c.o
 .debug_macro   0x00018f54      0x241 _build/nrf52840_xxaa/nrf_fprintf_format.c.o
 .debug_macro   0x00019195      0x309 _build/nrf52840_xxaa/nrf_memobj.c.o
 .debug_macro   0x0001949e      0x10e _build/nrf52840_xxaa/nrf_memobj.c.o
 .debug_macro   0x000195ac       0x86 _build/nrf52840_xxaa/nrf_memobj.c.o
 .debug_macro   0x00019632       0x54 _build/nrf52840_xxaa/nrf_memobj.c.o
 .debug_macro   0x00019686      0x2b8 _build/nrf52840_xxaa/nrf_ringbuf.c.o
 .debug_macro   0x0001993e      0x390 _build/nrf52840_xxaa/nrf_drv_twi.c.o
 .debug_macro   0x00019cce       0x50 _build/nrf52840_xxaa/nrf_drv_twi.c.o
 .debug_macro   0x00019d1e       0x38 _build/nrf52840_xxaa/nrf_drv_twi.c.o
 .debug_macro   0x00019d56       0x78 _build/nrf52840_xxaa/nrf_drv_twi.c.o
 .debug_macro   0x00019dce       0x10 _build/nrf52840_xxaa/nrf_drv_twi.c.o
 .debug_macro   0x00019dde       0x1c _build/nrf52840_xxaa/nrf_drv_twi.c.o
 .debug_macro   0x00019dfa      0x3d0 _build/nrf52840_xxaa/nrfx_prs.c.o
 .debug_macro   0x0001a1ca       0x28 _build/nrf52840_xxaa/nrfx_prs.c.o
 .debug_macro   0x0001a1f2       0x1c _build/nrf52840_xxaa/nrfx_prs.c.o
 .debug_macro   0x0001a20e       0x37 _build/nrf52840_xxaa/nrfx_prs.c.o
 .debug_macro   0x0001a245      0x17f _build/nrf52840_xxaa/nrfx_prs.c.o
 .debug_macro   0x0001a3c4       0x42 _build/nrf52840_xxaa/nrfx_prs.c.o
 .debug_macro   0x0001a406      0x41c _build/nrf52840_xxaa/nrfx_twim.c.o
 .debug_macro   0x0001a822      0x3eb _build/nrf52840_xxaa/nrfx_uart.c.o
 .debug_macro   0x0001ac0d      0x409 _build/nrf52840_xxaa/nrfx_uarte.c.o
 .debug_macro   0x0001b016      0x3e3 _build/nrf52840_xxaa/nrfx_clock.c.o
 .debug_macro   0x0001b3f9       0x22 _build/nrf52840_xxaa/nrfx_clock.c.o
 .debug_macro   0x0001b41b       0x10 _build/nrf52840_xxaa/nrfx_clock.c.o
 .debug_macro   0x0001b42b      0x3f0 _build/nrf52840_xxaa/app_timer.c.o
 .debug_macro   0x0001b81b       0x3c _build/nrf52840_xxaa/app_timer.c.o
 .debug_macro   0x0001b857       0x45 _build/nrf52840_xxaa/app_timer.c.o
 .debug_macro   0x0001b89c      0x405 _build/nrf52840_xxaa/nrf_drv_clock.c.o
 .debug_macro   0x0001bca1      0x58b _build/nrf52840_xxaa/main.c.o
 .debug_macro   0x0001c22c       0x52 _build/nrf52840_xxaa/main.c.o
 .debug_macro   0x0001c27e       0x55 _build/nrf52840_xxaa/main.c.o
 .debug_macro   0x0001c2d3       0x57 _build/nrf52840_xxaa/main.c.o
 .debug_macro   0x0001c32a       0xde _build/nrf52840_xxaa/main.c.o
 .debug_macro   0x0001c408       0x42 _build/nrf52840_xxaa/main.c.o
 .debug_macro   0x0001c44a       0x10 _build/nrf52840_xxaa/main.c.o
 .debug_macro   0x0001c45a      0x2c2 _build/nrf52840_xxaa/SEGGER_RTT.c.o
 .debug_macro   0x0001c71c       0x47 _build/nrf52840_xxaa/SEGGER_RTT.c.o
 .debug_macro   0x0001c763       0xf1 _build/nrf52840_xxaa/system_nrf52840.c.o

.debug_frame    0x00000000     0x1dc4
 .debug_frame   0x00000000       0xa0 _build/nrf52840_xxaa/nrf_log_backend_rtt.c.o
 .debug_frame   0x000000a0       0x40 _build/nrf52840_xxaa/nrf_log_backend_serial.c.o
 .debug_frame   0x000000e0       0x28 _build/nrf52840_xxaa/nrf_log_default_backends.c.o
 .debug_frame   0x00000108      0x300 _build/nrf52840_xxaa/nrf_log_frontend.c.o
 .debug_frame   0x00000408       0x7c _build/nrf52840_xxaa/nrf_log_str_formatter.c.o
 .debug_frame   0x00000484       0x54 _build/nrf52840_xxaa/app_error.c.o
 .debug_frame   0x000004d8       0x28 _build/nrf52840_xxaa/app_error_weak.c.o
 .debug_frame   0x00000500       0x70 _build/nrf52840_xxaa/app_util_platform.c.o
 .debug_frame   0x00000570      0x150 _build/nrf52840_xxaa/nrf_atomic.c.o
 .debug_frame   0x000006c0       0x6c _build/nrf52840_xxaa/nrf_balloc.c.o
 .debug_frame   0x0000072c       0x5c _build/nrf52840_xxaa/nrf_fprintf.c.o
 .debug_frame   0x00000788       0xa8 _build/nrf52840_xxaa/nrf_fprintf_format.c.o
 .debug_frame   0x00000830       0xd8 _build/nrf52840_xxaa/nrf_memobj.c.o
 .debug_frame   0x00000908       0xd8 _build/nrf52840_xxaa/nrf_ringbuf.c.o
 .debug_frame   0x000009e0       0x6c _build/nrf52840_xxaa/nrf_drv_twi.c.o
 .debug_frame   0x00000a4c       0x4c _build/nrf52840_xxaa/nrfx_prs.c.o
 .debug_frame   0x00000a98      0x1b8 _build/nrf52840_xxaa/nrfx_twim.c.o
 .debug_frame   0x00000c50      0x198 _build/nrf52840_xxaa/nrfx_uart.c.o
 .debug_frame   0x00000de8      0x194 _build/nrf52840_xxaa/nrfx_uarte.c.o
 .debug_frame   0x00000f7c      0x110 _build/nrf52840_xxaa/nrfx_clock.c.o
 .debug_frame   0x0000108c      0x138 _build/nrf52840_xxaa/app_timer.c.o
 .debug_frame   0x000011c4      0x154 _build/nrf52840_xxaa/nrf_drv_clock.c.o
 .debug_frame   0x00001318       0x80 _build/nrf52840_xxaa/main.c.o
 .debug_frame   0x00001398      0x3c8 _build/nrf52840_xxaa/SEGGER_RTT.c.o
 .debug_frame   0x00001760       0x40 _build/nrf52840_xxaa/system_nrf52840.c.o
 .debug_frame   0x000017a0       0x28 c:/git_proj/nf52840_accelerometer_lis3dh/tools/gnu_tools/7_2017_q4_major/bin/../lib/gcc/arm-none-eabi/7.2.1/../../../../arm-none-eabi/lib/thumb/v7e-m/fpv4-sp/hard\libc_nano.a(lib_a-exit.o)
 .debug_frame   0x000017c8       0x2c c:/git_proj/nf52840_accelerometer_lis3dh/tools/gnu_tools/7_2017_q4_major/bin/../lib/gcc/arm-none-eabi/7.2.1/../../../../arm-none-eabi/lib/thumb/v7e-m/fpv4-sp/hard\libc_nano.a(lib_a-init.o)
 .debug_frame   0x000017f4       0x68 c:/git_proj/nf52840_accelerometer_lis3dh/tools/gnu_tools/7_2017_q4_major/bin/../lib/gcc/arm-none-eabi/7.2.1/../../../../arm-none-eabi/lib/thumb/v7e-m/fpv4-sp/hard\libc_nano.a(lib_a-locale.o)
 .debug_frame   0x0000185c       0x48 c:/git_proj/nf52840_accelerometer_lis3dh/tools/gnu_tools/7_2017_q4_major/bin/../lib/gcc/arm-none-eabi/7.2.1/../../../../arm-none-eabi/lib/thumb/v7e-m/fpv4-sp/hard\libc_nano.a(lib_a-mbtowc_r.o)
 .debug_frame   0x000018a4       0x28 c:/git_proj/nf52840_accelerometer_lis3dh/tools/gnu_tools/7_2017_q4_major/bin/../lib/gcc/arm-none-eabi/7.2.1/../../../../arm-none-eabi/lib/thumb/v7e-m/fpv4-sp/hard\libc_nano.a(lib_a-memcpy-stub.o)
 .debug_frame   0x000018cc       0x20 c:/git_proj/nf52840_accelerometer_lis3dh/tools/gnu_tools/7_2017_q4_major/bin/../lib/gcc/arm-none-eabi/7.2.1/../../../../arm-none-eabi/lib/thumb/v7e-m/fpv4-sp/hard\libc_nano.a(lib_a-memset.o)
 .debug_frame   0x000018ec       0x20 c:/git_proj/nf52840_accelerometer_lis3dh/tools/gnu_tools/7_2017_q4_major/bin/../lib/gcc/arm-none-eabi/7.2.1/../../../../arm-none-eabi/lib/thumb/v7e-m/fpv4-sp/hard\libc_nano.a(lib_a-strcpy.o)
 .debug_frame   0x0000190c       0x3c c:/git_proj/nf52840_accelerometer_lis3dh/tools/gnu_tools/7_2017_q4_major/bin/../lib/gcc/arm-none-eabi/7.2.1/../../../../arm-none-eabi/lib/thumb/v7e-m/fpv4-sp/hard\libc_nano.a(lib_a-wctomb_r.o)
 .debug_frame   0x00001948       0x20 c:/git_proj/nf52840_accelerometer_lis3dh/tools/gnu_tools/7_2017_q4_major/bin/../lib/gcc/arm-none-eabi/7.2.1/../../../../arm-none-eabi/lib/thumb/v7e-m/fpv4-sp/hard\libnosys.a(_exit.o)
 .debug_frame   0x00001968       0x50 c:/git_proj/nf52840_accelerometer_lis3dh/tools/gnu_tools/7_2017_q4_major/bin/../lib/gcc/arm-none-eabi/7.2.1/../../../../arm-none-eabi/lib/thumb/v7e-m/fpv4-sp/hard\libm.a(lib_a-w_pow.o)
 .debug_frame   0x000019b8       0x4c c:/git_proj/nf52840_accelerometer_lis3dh/tools/gnu_tools/7_2017_q4_major/bin/../lib/gcc/arm-none-eabi/7.2.1/../../../../arm-none-eabi/lib/thumb/v7e-m/fpv4-sp/hard\libm.a(lib_a-w_sqrt.o)
 .debug_frame   0x00001a04       0x68 c:/git_proj/nf52840_accelerometer_lis3dh/tools/gnu_tools/7_2017_q4_major/bin/../lib/gcc/arm-none-eabi/7.2.1/../../../../arm-none-eabi/lib/thumb/v7e-m/fpv4-sp/hard\libm.a(lib_a-e_pow.o)
 .debug_frame   0x00001a6c       0x30 c:/git_proj/nf52840_accelerometer_lis3dh/tools/gnu_tools/7_2017_q4_major/bin/../lib/gcc/arm-none-eabi/7.2.1/../../../../arm-none-eabi/lib/thumb/v7e-m/fpv4-sp/hard\libm.a(lib_a-e_sqrt.o)
 .debug_frame   0x00001a9c       0x20 c:/git_proj/nf52840_accelerometer_lis3dh/tools/gnu_tools/7_2017_q4_major/bin/../lib/gcc/arm-none-eabi/7.2.1/../../../../arm-none-eabi/lib/thumb/v7e-m/fpv4-sp/hard\libm.a(lib_a-s_fabs.o)
 .debug_frame   0x00001abc       0x20 c:/git_proj/nf52840_accelerometer_lis3dh/tools/gnu_tools/7_2017_q4_major/bin/../lib/gcc/arm-none-eabi/7.2.1/../../../../arm-none-eabi/lib/thumb/v7e-m/fpv4-sp/hard\libm.a(lib_a-s_finite.o)
 .debug_frame   0x00001adc       0x20 c:/git_proj/nf52840_accelerometer_lis3dh/tools/gnu_tools/7_2017_q4_major/bin/../lib/gcc/arm-none-eabi/7.2.1/../../../../arm-none-eabi/lib/thumb/v7e-m/fpv4-sp/hard\libm.a(lib_a-s_matherr.o)
 .debug_frame   0x00001afc       0x20 c:/git_proj/nf52840_accelerometer_lis3dh/tools/gnu_tools/7_2017_q4_major/bin/../lib/gcc/arm-none-eabi/7.2.1/../../../../arm-none-eabi/lib/thumb/v7e-m/fpv4-sp/hard\libm.a(lib_a-s_nan.o)
 .debug_frame   0x00001b1c       0x38 c:/git_proj/nf52840_accelerometer_lis3dh/tools/gnu_tools/7_2017_q4_major/bin/../lib/gcc/arm-none-eabi/7.2.1/../../../../arm-none-eabi/lib/thumb/v7e-m/fpv4-sp/hard\libm.a(lib_a-s_rint.o)
 .debug_frame   0x00001b54       0x2c c:/git_proj/nf52840_accelerometer_lis3dh/tools/gnu_tools/7_2017_q4_major/bin/../lib/gcc/arm-none-eabi/7.2.1/../../../../arm-none-eabi/lib/thumb/v7e-m/fpv4-sp/hard\libm.a(lib_a-s_scalbn.o)
 .debug_frame   0x00001b80       0x20 c:/git_proj/nf52840_accelerometer_lis3dh/tools/gnu_tools/7_2017_q4_major/bin/../lib/gcc/arm-none-eabi/7.2.1/../../../../arm-none-eabi/lib/thumb/v7e-m/fpv4-sp/hard\libm.a(lib_a-s_copysign.o)
 .debug_frame   0x00001ba0       0xac c:/git_proj/nf52840_accelerometer_lis3dh/tools/gnu_tools/7_2017_q4_major/bin/../lib/gcc/arm-none-eabi/7.2.1/thumb/v7e-m/fpv4-sp/hard\libgcc.a(_arm_addsubdf3.o)
 .debug_frame   0x00001c4c       0x50 c:/git_proj/nf52840_accelerometer_lis3dh/tools/gnu_tools/7_2017_q4_major/bin/../lib/gcc/arm-none-eabi/7.2.1/thumb/v7e-m/fpv4-sp/hard\libgcc.a(_arm_muldivdf3.o)
 .debug_frame   0x00001c9c       0xc4 c:/git_proj/nf52840_accelerometer_lis3dh/tools/gnu_tools/7_2017_q4_major/bin/../lib/gcc/arm-none-eabi/7.2.1/thumb/v7e-m/fpv4-sp/hard\libgcc.a(_arm_cmpdf2.o)
 .debug_frame   0x00001d60       0x20 c:/git_proj/nf52840_accelerometer_lis3dh/tools/gnu_tools/7_2017_q4_major/bin/../lib/gcc/arm-none-eabi/7.2.1/thumb/v7e-m/fpv4-sp/hard\libgcc.a(_arm_unorddf2.o)
 .debug_frame   0x00001d80       0x24 c:/git_proj/nf52840_accelerometer_lis3dh/tools/gnu_tools/7_2017_q4_major/bin/../lib/gcc/arm-none-eabi/7.2.1/thumb/v7e-m/fpv4-sp/hard\libgcc.a(_arm_truncdfsf2.o)
 .debug_frame   0x00001da4       0x20 c:/git_proj/nf52840_accelerometer_lis3dh/tools/gnu_tools/7_2017_q4_major/bin/../lib/gcc/arm-none-eabi/7.2.1/../../../../arm-none-eabi/lib/thumb/v7e-m/fpv4-sp/hard\libg_nano.a(lib_a-errno.o)